EN uart_top NULL /home/sduvvuri/Documents/Xilinx/Xilinx/UART_TOP_MOD/UART_TOP.vhd sub00/vhpl04 1424971438
EN uart_mod NULL /home/sduvvuri/fpgaSVN/FPGA/lib/UART_module/trunk/UART_mod.vhd sub00/vhpl02 1424971436
AR uart_mod behavioral /home/sduvvuri/fpgaSVN/FPGA/lib/UART_module/trunk/UART_mod.vhd sub00/vhpl03 1424971437
EN uart_byte_send NULL /home/sduvvuri/Documents/Xilinx/Xilinx/UART_BYTE_SEND_SubDesign/UART_BYTE_SEND.vhd sub00/vhpl00 1424971434
AR uart_top behavioral /home/sduvvuri/Documents/Xilinx/Xilinx/UART_TOP_MOD/UART_TOP.vhd sub00/vhpl05 1424971439
AR uart_byte_send behavioral /home/sduvvuri/Documents/Xilinx/Xilinx/UART_BYTE_SEND_SubDesign/UART_BYTE_SEND.vhd sub00/vhpl01 1424971435
