EN basic_clk_reset_mod NULL /home/sduvvuri/fpgaSVN/FPGA/lib/Comm_Async_Serial_HS/trunk/Zynq/basic_clk_rst_mod.vhd sub00/vhpl08 1427385480
EN asynch_sercomm_rx_top NULL /home/sduvvuri/fpgaSVN/FPGA/lib/Comm_Async_Serial_HS/trunk/Zynq/asynch_sercomm_rx_top.vhd sub00/vhpl12 1427385484
PB asynch_sercomm_rx_frontend_pack asynch_sercomm_rx_frontend_pack /home/sduvvuri/fpgaSVN/FPGA/lib/Comm_Async_Serial_HS/trunk/Zynq/asynch_sercomm_rx_frontend.vhd sub00/vhpl03 1427385469
AR asynch_sercomm_rx_top behavioral /home/sduvvuri/fpgaSVN/FPGA/lib/Comm_Async_Serial_HS/trunk/Zynq/asynch_sercomm_rx_top.vhd sub00/vhpl13 1427385485
PH asynch_sercomm_config_pack NULL /home/sduvvuri/fpgaSVN/FPGA/lib/Comm_Async_Serial_HS/trunk/Zynq/asynch_sercomm_config_pack.vhd sub00/vhpl00 1427385466
AR asynch_sercomm_tx_frontend behavioral /home/sduvvuri/fpgaSVN/FPGA/lib/Comm_Async_Serial_HS/trunk/Zynq/asynch_sercomm_tx_frontend.vhd sub00/vhpl07 1427385473
EN asynch_sercomm_tx_top NULL /home/sduvvuri/fpgaSVN/FPGA/lib/Comm_Async_Serial_HS/trunk/Zynq/asynch_sercomm_tx_top.vhd sub00/vhpl10 1427385482
AR basic_clk_reset_mod behavioral /home/sduvvuri/fpgaSVN/FPGA/lib/Comm_Async_Serial_HS/trunk/Zynq/basic_clk_rst_mod.vhd sub00/vhpl09 1427385481
AR asynch_sercomm_rx_frontend behavioral /home/sduvvuri/fpgaSVN/FPGA/lib/Comm_Async_Serial_HS/trunk/Zynq/asynch_sercomm_rx_frontend.vhd sub00/vhpl05 1427385471
PB asynch_sercomm_config_pack asynch_sercomm_config_pack /home/sduvvuri/fpgaSVN/FPGA/lib/Comm_Async_Serial_HS/trunk/Zynq/asynch_sercomm_config_pack.vhd sub00/vhpl01 1427385467
AR asynch_sercomm_tx_top behavioral /home/sduvvuri/fpgaSVN/FPGA/lib/Comm_Async_Serial_HS/trunk/Zynq/asynch_sercomm_tx_top.vhd sub00/vhpl11 1427385483
EN asynch_sercomm_rx_frontend NULL /home/sduvvuri/fpgaSVN/FPGA/lib/Comm_Async_Serial_HS/trunk/Zynq/asynch_sercomm_rx_frontend.vhd sub00/vhpl04 1427385470
PH asynch_sercomm_rx_frontend_pack NULL /home/sduvvuri/fpgaSVN/FPGA/lib/Comm_Async_Serial_HS/trunk/Zynq/asynch_sercomm_rx_frontend.vhd sub00/vhpl02 1427385468
EN asynch_sercomm_tx_frontend NULL /home/sduvvuri/fpgaSVN/FPGA/lib/Comm_Async_Serial_HS/trunk/Zynq/asynch_sercomm_tx_frontend.vhd sub00/vhpl06 1427385472
