EN basic_clk_reset_mod NULL /home/sduvvuri/fpgaSVN/FPGA/lib/Comm_Async_Serial_HS/trunk/Zynq/basic_clk_rst_mod.vhd sub00/vhpl08 1426265114
EN asynch_sercomm_rx_top NULL /home/sduvvuri/fpgaSVN/FPGA/lib/Comm_Async_Serial_HS/trunk/Zynq/asynch_sercomm_rx_top.vhd sub00/vhpl12 1426265118
PB asynch_sercomm_rx_frontend_pack asynch_sercomm_rx_frontend_pack /home/sduvvuri/fpgaSVN/FPGA/lib/Comm_Async_Serial_HS/trunk/Zynq/asynch_sercomm_rx_frontend.vhd sub00/vhpl03 1426265101
AR asynch_sercomm_rx_top behavioral /home/sduvvuri/fpgaSVN/FPGA/lib/Comm_Async_Serial_HS/trunk/Zynq/asynch_sercomm_rx_top.vhd sub00/vhpl13 1426265119
PH asynch_sercomm_config_pack NULL /home/sduvvuri/fpgaSVN/FPGA/lib/Comm_Async_Serial_HS/trunk/Zynq/asynch_sercomm_config_pack.vhd sub00/vhpl00 1426265098
AR asynch_sercomm_tx_frontend behavioral /home/sduvvuri/fpgaSVN/FPGA/lib/Comm_Async_Serial_HS/trunk/Zynq/asynch_sercomm_tx_frontend.vhd sub00/vhpl07 1426265105
EN asynch_sercomm_tx_top NULL /home/sduvvuri/fpgaSVN/FPGA/lib/Comm_Async_Serial_HS/trunk/Zynq/asynch_sercomm_tx_top.vhd sub00/vhpl10 1426265116
AR basic_clk_reset_mod behavioral /home/sduvvuri/fpgaSVN/FPGA/lib/Comm_Async_Serial_HS/trunk/Zynq/basic_clk_rst_mod.vhd sub00/vhpl09 1426265115
AR asynch_sercomm_rx_frontend behavioral /home/sduvvuri/fpgaSVN/FPGA/lib/Comm_Async_Serial_HS/trunk/Zynq/asynch_sercomm_rx_frontend.vhd sub00/vhpl05 1426265103
PB asynch_sercomm_config_pack asynch_sercomm_config_pack /home/sduvvuri/fpgaSVN/FPGA/lib/Comm_Async_Serial_HS/trunk/Zynq/asynch_sercomm_config_pack.vhd sub00/vhpl01 1426265099
AR asynch_sercomm_tx_top behavioral /home/sduvvuri/fpgaSVN/FPGA/lib/Comm_Async_Serial_HS/trunk/Zynq/asynch_sercomm_tx_top.vhd sub00/vhpl11 1426265117
EN asynch_sercomm_rx_frontend NULL /home/sduvvuri/fpgaSVN/FPGA/lib/Comm_Async_Serial_HS/trunk/Zynq/asynch_sercomm_rx_frontend.vhd sub00/vhpl04 1426265102
PH asynch_sercomm_rx_frontend_pack NULL /home/sduvvuri/fpgaSVN/FPGA/lib/Comm_Async_Serial_HS/trunk/Zynq/asynch_sercomm_rx_frontend.vhd sub00/vhpl02 1426265100
EN asynch_sercomm_tx_frontend NULL /home/sduvvuri/fpgaSVN/FPGA/lib/Comm_Async_Serial_HS/trunk/Zynq/asynch_sercomm_tx_frontend.vhd sub00/vhpl06 1426265104
