V3 41
FL /home/sduvvuri/fpgaSVN/FPGA/lib/Comm_Async_Serial_HS/trunk/Zynq/asynch_sercomm_config_pack.vhd 2014/11/07.12:33:28 P.20131013
PH Zynq/asynch_sercomm_config_pack 1427385466 \
      FL /home/sduvvuri/fpgaSVN/FPGA/lib/Comm_Async_Serial_HS/trunk/Zynq/asynch_sercomm_config_pack.vhd \
      PB ieee/std_logic_1164 1381692176 PB ieee/NUMERIC_STD 1381692181
PB Zynq/asynch_sercomm_config_pack 1427385467 \
      FL /home/sduvvuri/fpgaSVN/FPGA/lib/Comm_Async_Serial_HS/trunk/Zynq/asynch_sercomm_config_pack.vhd \
      PH Zynq/asynch_sercomm_config_pack 1427385466
FL /home/sduvvuri/fpgaSVN/FPGA/lib/Comm_Async_Serial_HS/trunk/Zynq/asynch_sercomm_rx_frontend.vhd 2014/11/07.12:33:28 P.20131013
PH Zynq/asynch_sercomm_rx_frontend_pack 1427385468 \
      FL /home/sduvvuri/fpgaSVN/FPGA/lib/Comm_Async_Serial_HS/trunk/Zynq/asynch_sercomm_rx_frontend.vhd \
      PB ieee/std_logic_1164 1381692176
PB Zynq/asynch_sercomm_rx_frontend_pack 1427385469 \
      FL /home/sduvvuri/fpgaSVN/FPGA/lib/Comm_Async_Serial_HS/trunk/Zynq/asynch_sercomm_rx_frontend.vhd \
      PH Zynq/asynch_sercomm_rx_frontend_pack 1427385468
EN Zynq/asynch_sercomm_rx_frontend 1427385470 \
      FL /home/sduvvuri/fpgaSVN/FPGA/lib/Comm_Async_Serial_HS/trunk/Zynq/asynch_sercomm_rx_frontend.vhd \
      PB ieee/std_logic_1164 1381692176 PB ieee/NUMERIC_STD 1381692181 LB UNISIM \
      PH unisim/VCOMPONENTS 1381692182 PB Zynq/asynch_sercomm_rx_frontend_pack 1427385469
AR Zynq/asynch_sercomm_rx_frontend/Behavioral 1427385471 \
      FL /home/sduvvuri/fpgaSVN/FPGA/lib/Comm_Async_Serial_HS/trunk/Zynq/asynch_sercomm_rx_frontend.vhd \
      EN Zynq/asynch_sercomm_rx_frontend 1427385470 CP IDELAYCTRL CP IDELAYE2 \
      CP ISERDESE2
FL /home/sduvvuri/fpgaSVN/FPGA/lib/Comm_Async_Serial_HS/trunk/Zynq/asynch_sercomm_rx_top.vhd 2014/11/07.12:33:28 P.20131013
EN Zynq/asynch_sercomm_rx_top 1427385484 \
      FL /home/sduvvuri/fpgaSVN/FPGA/lib/Comm_Async_Serial_HS/trunk/Zynq/asynch_sercomm_rx_top.vhd \
      PB ieee/std_logic_1164 1381692176 PB ieee/NUMERIC_STD 1381692181 LB UNISIM \
      PH unisim/VCOMPONENTS 1381692182 LB decode_8b10b \
      PB Zynq/asynch_sercomm_config_pack 1427385467
AR Zynq/asynch_sercomm_rx_top/Behavioral 1427385485 \
      FL /home/sduvvuri/fpgaSVN/FPGA/lib/Comm_Async_Serial_HS/trunk/Zynq/asynch_sercomm_rx_top.vhd \
      EN Zynq/asynch_sercomm_rx_top 1427385484 CP IBUFDS_DIFF_OUT \
      CP Zynq/asynch_sercomm_rx_frontend CP decode_8b10b/decode_8b10b_top
FL /home/sduvvuri/fpgaSVN/FPGA/lib/Comm_Async_Serial_HS/trunk/Zynq/asynch_sercomm_tx_frontend.vhd 2014/11/07.12:33:28 P.20131013
EN Zynq/asynch_sercomm_tx_frontend 1427385472 \
      FL /home/sduvvuri/fpgaSVN/FPGA/lib/Comm_Async_Serial_HS/trunk/Zynq/asynch_sercomm_tx_frontend.vhd \
      PB ieee/std_logic_1164 1381692176 PB ieee/NUMERIC_STD 1381692181 LB UNISIM \
      PH unisim/VCOMPONENTS 1381692182
AR Zynq/asynch_sercomm_tx_frontend/Behavioral 1427385473 \
      FL /home/sduvvuri/fpgaSVN/FPGA/lib/Comm_Async_Serial_HS/trunk/Zynq/asynch_sercomm_tx_frontend.vhd \
      EN Zynq/asynch_sercomm_tx_frontend 1427385472 CP OSERDESE2
FL /home/sduvvuri/fpgaSVN/FPGA/lib/Comm_Async_Serial_HS/trunk/Zynq/asynch_sercomm_tx_top.vhd 2014/11/07.12:33:28 P.20131013
EN Zynq/asynch_sercomm_tx_top 1427385482 \
      FL /home/sduvvuri/fpgaSVN/FPGA/lib/Comm_Async_Serial_HS/trunk/Zynq/asynch_sercomm_tx_top.vhd \
      PB ieee/std_logic_1164 1381692176 PB ieee/NUMERIC_STD 1381692181 LB UNISIM \
      PH unisim/VCOMPONENTS 1381692182 LB encode_8b10b \
      PB Zynq/asynch_sercomm_config_pack 1427385467
AR Zynq/asynch_sercomm_tx_top/Behavioral 1427385483 \
      FL /home/sduvvuri/fpgaSVN/FPGA/lib/Comm_Async_Serial_HS/trunk/Zynq/asynch_sercomm_tx_top.vhd \
      EN Zynq/asynch_sercomm_tx_top 1427385482 CP OBUFDS \
      CP Zynq/asynch_sercomm_tx_frontend CP encode_8b10b/encode_8b10b_top
FL /home/sduvvuri/fpgaSVN/FPGA/lib/Comm_Async_Serial_HS/trunk/Zynq/basic_clk_rst_mod.vhd 2014/11/07.12:33:28 P.20131013
EN Zynq/basic_clk_reset_mod 1427385480 \
      FL /home/sduvvuri/fpgaSVN/FPGA/lib/Comm_Async_Serial_HS/trunk/Zynq/basic_clk_rst_mod.vhd \
      PB ieee/std_logic_1164 1381692176 PB ieee/NUMERIC_STD 1381692181 LB UNISIM \
      PH unisim/VCOMPONENTS 1381692182 PB Zynq/asynch_sercomm_config_pack 1427385467
AR Zynq/basic_clk_reset_mod/Behavioral 1427385481 \
      FL /home/sduvvuri/fpgaSVN/FPGA/lib/Comm_Async_Serial_HS/trunk/Zynq/basic_clk_rst_mod.vhd \
      EN Zynq/basic_clk_reset_mod 1427385480 CP PLLE2_BASE CP BUFG
FL /home/sduvvuri/thesis.git/NDLCOM_ECHO/../../fpgaSVN/FPGA/lib/Comm_Async_Serial_HS/trunk/Zynq/asynch_sercomm_config_pack.vhd 2014/11/07.12:33:28 P.20131013
FL /home/sduvvuri/thesis.git/NDLCOM_ECHO/../../fpgaSVN/FPGA/lib/Comm_Async_Serial_HS/trunk/Zynq/asynch_sercomm_rx_frontend.vhd 2014/11/07.12:33:28 P.20131013
FL /home/sduvvuri/thesis.git/NDLCOM_ECHO/../../fpgaSVN/FPGA/lib/Comm_Async_Serial_HS/trunk/Zynq/asynch_sercomm_rx_top.vhd 2014/11/07.12:33:28 P.20131013
FL /home/sduvvuri/thesis.git/NDLCOM_ECHO/../../fpgaSVN/FPGA/lib/Comm_Async_Serial_HS/trunk/Zynq/asynch_sercomm_tx_frontend.vhd 2014/11/07.12:33:28 P.20131013
FL /home/sduvvuri/thesis.git/NDLCOM_ECHO/../../fpgaSVN/FPGA/lib/Comm_Async_Serial_HS/trunk/Zynq/asynch_sercomm_tx_top.vhd 2014/11/07.12:33:28 P.20131013
FL /home/sduvvuri/thesis.git/NDLCOM_ECHO/../../fpgaSVN/FPGA/lib/Comm_Async_Serial_HS/trunk/Zynq/basic_clk_rst_mod.vhd 2014/11/07.12:33:28 P.20131013
