EN asynch_sercomm_rx_top NULL /home/sduvvuri/thesis.git/NDLCOM_Routing/New_NDLCOM_Routing/../../../fpgaSVN/FPGA/lib/Comm_Async_Serial_HS/trunk/Spartan6/asynch_sercomm_rx_top.vhd sub00/vhpl10 1429800263
PB asynch_sercomm_rx_frontend_pack asynch_sercomm_rx_frontend_pack /home/sduvvuri/thesis.git/NDLCOM_Routing/New_NDLCOM_Routing/../../../fpgaSVN/FPGA/lib/Comm_Async_Serial_HS/trunk/Spartan6/asynch_sercomm_rx_frontend.vhd sub00/vhpl03 1429800255
AR asynch_sercomm_rx_top behavioral /home/sduvvuri/thesis.git/NDLCOM_Routing/New_NDLCOM_Routing/../../../fpgaSVN/FPGA/lib/Comm_Async_Serial_HS/trunk/Spartan6/asynch_sercomm_rx_top.vhd sub00/vhpl11 1429800264
PH asynch_sercomm_config_pack NULL /home/sduvvuri/thesis.git/NDLCOM_Routing/New_NDLCOM_Routing/../../../fpgaSVN/FPGA/lib/Comm_Async_Serial_HS/trunk/Spartan6/asynch_sercomm_config_pack.vhd sub00/vhpl00 1429800248
AR asynch_sercomm_tx_frontend behavioral /home/sduvvuri/thesis.git/NDLCOM_Routing/New_NDLCOM_Routing/../../../fpgaSVN/FPGA/lib/Comm_Async_Serial_HS/trunk/Spartan6/asynch_sercomm_tx_frontend.vhd sub00/vhpl07 1429800251
EN asynch_sercomm_tx_top NULL /home/sduvvuri/thesis.git/NDLCOM_Routing/New_NDLCOM_Routing/../../../fpgaSVN/FPGA/lib/Comm_Async_Serial_HS/trunk/Spartan6/asynch_sercomm_tx_top.vhd sub00/vhpl08 1429800265
AR asynch_sercomm_rx_frontend behavioral /home/sduvvuri/thesis.git/NDLCOM_Routing/New_NDLCOM_Routing/../../../fpgaSVN/FPGA/lib/Comm_Async_Serial_HS/trunk/Spartan6/asynch_sercomm_rx_frontend.vhd sub00/vhpl05 1429800257
PB asynch_sercomm_config_pack asynch_sercomm_config_pack /home/sduvvuri/thesis.git/NDLCOM_Routing/New_NDLCOM_Routing/../../../fpgaSVN/FPGA/lib/Comm_Async_Serial_HS/trunk/Spartan6/asynch_sercomm_config_pack.vhd sub00/vhpl01 1429800249
AR asynch_sercomm_tx_top behavioral /home/sduvvuri/thesis.git/NDLCOM_Routing/New_NDLCOM_Routing/../../../fpgaSVN/FPGA/lib/Comm_Async_Serial_HS/trunk/Spartan6/asynch_sercomm_tx_top.vhd sub00/vhpl09 1429800266
EN asynch_sercomm_rx_frontend NULL /home/sduvvuri/thesis.git/NDLCOM_Routing/New_NDLCOM_Routing/../../../fpgaSVN/FPGA/lib/Comm_Async_Serial_HS/trunk/Spartan6/asynch_sercomm_rx_frontend.vhd sub00/vhpl04 1429800256
PH asynch_sercomm_rx_frontend_pack NULL /home/sduvvuri/thesis.git/NDLCOM_Routing/New_NDLCOM_Routing/../../../fpgaSVN/FPGA/lib/Comm_Async_Serial_HS/trunk/Spartan6/asynch_sercomm_rx_frontend.vhd sub00/vhpl02 1429800254
EN asynch_sercomm_tx_frontend NULL /home/sduvvuri/thesis.git/NDLCOM_Routing/New_NDLCOM_Routing/../../../fpgaSVN/FPGA/lib/Comm_Async_Serial_HS/trunk/Spartan6/asynch_sercomm_tx_frontend.vhd sub00/vhpl06 1429800250
