V3 34
FL /home/sduvvuri/fpgaSVN/FPGA/lib/Comm_Async_Serial_HS/trunk/Spartan6/asynch_sercomm_config_pack.vhd 2014/11/07.12:33:28 P.20131013
FL /home/sduvvuri/fpgaSVN/FPGA/lib/Comm_Async_Serial_HS/trunk/Spartan6/asynch_sercomm_rx_frontend.vhd 2015/02/25.13:51:37 P.20131013
FL /home/sduvvuri/fpgaSVN/FPGA/lib/Comm_Async_Serial_HS/trunk/Spartan6/asynch_sercomm_rx_top.vhd 2014/11/07.12:33:28 P.20131013
FL /home/sduvvuri/fpgaSVN/FPGA/lib/Comm_Async_Serial_HS/trunk/Spartan6/asynch_sercomm_tx_frontend.vhd 2014/11/07.12:33:28 P.20131013
FL /home/sduvvuri/fpgaSVN/FPGA/lib/Comm_Async_Serial_HS/trunk/Spartan6/asynch_sercomm_tx_top.vhd 2014/11/07.12:33:28 P.20131013
FL /home/sduvvuri/thesis.git/NDLCOM_Routing/New_NDLCOM_Routing/../../../fpgaSVN/FPGA/lib/Comm_Async_Serial_HS/trunk/Spartan6/asynch_sercomm_config_pack.vhd 2014/11/07.12:33:28 P.20131013
PH Spartan6/asynch_sercomm_config_pack 1429800248 \
      FL /home/sduvvuri/thesis.git/NDLCOM_Routing/New_NDLCOM_Routing/../../../fpgaSVN/FPGA/lib/Comm_Async_Serial_HS/trunk/Spartan6/asynch_sercomm_config_pack.vhd \
      PB ieee/std_logic_1164 1381692176 PB ieee/NUMERIC_STD 1381692181
PB Spartan6/asynch_sercomm_config_pack 1429800249 \
      FL /home/sduvvuri/thesis.git/NDLCOM_Routing/New_NDLCOM_Routing/../../../fpgaSVN/FPGA/lib/Comm_Async_Serial_HS/trunk/Spartan6/asynch_sercomm_config_pack.vhd \
      PH Spartan6/asynch_sercomm_config_pack 1429800248
FL /home/sduvvuri/thesis.git/NDLCOM_Routing/New_NDLCOM_Routing/../../../fpgaSVN/FPGA/lib/Comm_Async_Serial_HS/trunk/Spartan6/asynch_sercomm_rx_frontend.vhd 2015/02/25.13:51:37 P.20131013
PH Spartan6/asynch_sercomm_rx_frontend_pack 1429800254 \
      FL /home/sduvvuri/thesis.git/NDLCOM_Routing/New_NDLCOM_Routing/../../../fpgaSVN/FPGA/lib/Comm_Async_Serial_HS/trunk/Spartan6/asynch_sercomm_rx_frontend.vhd \
      PB ieee/std_logic_1164 1381692176
PB Spartan6/asynch_sercomm_rx_frontend_pack 1429800255 \
      FL /home/sduvvuri/thesis.git/NDLCOM_Routing/New_NDLCOM_Routing/../../../fpgaSVN/FPGA/lib/Comm_Async_Serial_HS/trunk/Spartan6/asynch_sercomm_rx_frontend.vhd \
      PH Spartan6/asynch_sercomm_rx_frontend_pack 1429800254
EN Spartan6/asynch_sercomm_rx_frontend 1429800256 \
      FL /home/sduvvuri/thesis.git/NDLCOM_Routing/New_NDLCOM_Routing/../../../fpgaSVN/FPGA/lib/Comm_Async_Serial_HS/trunk/Spartan6/asynch_sercomm_rx_frontend.vhd \
      PB ieee/std_logic_1164 1381692176 PB ieee/NUMERIC_STD 1381692181 LB UNISIM \
      PH unisim/VCOMPONENTS 1381692182 \
      PB Spartan6/asynch_sercomm_rx_frontend_pack 1429800255
AR Spartan6/asynch_sercomm_rx_frontend/Behavioral 1429800257 \
      FL /home/sduvvuri/thesis.git/NDLCOM_Routing/New_NDLCOM_Routing/../../../fpgaSVN/FPGA/lib/Comm_Async_Serial_HS/trunk/Spartan6/asynch_sercomm_rx_frontend.vhd \
      EN Spartan6/asynch_sercomm_rx_frontend 1429800256 CP IODELAY2 CP ISERDES2
FL /home/sduvvuri/thesis.git/NDLCOM_Routing/New_NDLCOM_Routing/../../../fpgaSVN/FPGA/lib/Comm_Async_Serial_HS/trunk/Spartan6/asynch_sercomm_rx_top.vhd 2014/11/07.12:33:28 P.20131013
EN Spartan6/asynch_sercomm_rx_top 1429800263 \
      FL /home/sduvvuri/thesis.git/NDLCOM_Routing/New_NDLCOM_Routing/../../../fpgaSVN/FPGA/lib/Comm_Async_Serial_HS/trunk/Spartan6/asynch_sercomm_rx_top.vhd \
      PB ieee/std_logic_1164 1381692176 PB ieee/NUMERIC_STD 1381692181 LB UNISIM \
      PH unisim/VCOMPONENTS 1381692182 LB decode_8b10b \
      PB Spartan6/asynch_sercomm_config_pack 1429800249
AR Spartan6/asynch_sercomm_rx_top/Behavioral 1429800264 \
      FL /home/sduvvuri/thesis.git/NDLCOM_Routing/New_NDLCOM_Routing/../../../fpgaSVN/FPGA/lib/Comm_Async_Serial_HS/trunk/Spartan6/asynch_sercomm_rx_top.vhd \
      EN Spartan6/asynch_sercomm_rx_top 1429800263 CP IBUFDS \
      CP Spartan6/asynch_sercomm_rx_frontend CP decode_8b10b/decode_8b10b_top
FL /home/sduvvuri/thesis.git/NDLCOM_Routing/New_NDLCOM_Routing/../../../fpgaSVN/FPGA/lib/Comm_Async_Serial_HS/trunk/Spartan6/asynch_sercomm_tx_frontend.vhd 2014/11/07.12:33:28 P.20131013
EN Spartan6/asynch_sercomm_tx_frontend 1429800250 \
      FL /home/sduvvuri/thesis.git/NDLCOM_Routing/New_NDLCOM_Routing/../../../fpgaSVN/FPGA/lib/Comm_Async_Serial_HS/trunk/Spartan6/asynch_sercomm_tx_frontend.vhd \
      PB ieee/std_logic_1164 1381692176 PB ieee/NUMERIC_STD 1381692181 LB UNISIM \
      PH unisim/VCOMPONENTS 1381692182
AR Spartan6/asynch_sercomm_tx_frontend/Behavioral 1429800251 \
      FL /home/sduvvuri/thesis.git/NDLCOM_Routing/New_NDLCOM_Routing/../../../fpgaSVN/FPGA/lib/Comm_Async_Serial_HS/trunk/Spartan6/asynch_sercomm_tx_frontend.vhd \
      EN Spartan6/asynch_sercomm_tx_frontend 1429800250 CP OSERDES2
FL /home/sduvvuri/thesis.git/NDLCOM_Routing/New_NDLCOM_Routing/../../../fpgaSVN/FPGA/lib/Comm_Async_Serial_HS/trunk/Spartan6/asynch_sercomm_tx_top.vhd 2014/11/07.12:33:28 P.20131013
EN Spartan6/asynch_sercomm_tx_top 1429800265 \
      FL /home/sduvvuri/thesis.git/NDLCOM_Routing/New_NDLCOM_Routing/../../../fpgaSVN/FPGA/lib/Comm_Async_Serial_HS/trunk/Spartan6/asynch_sercomm_tx_top.vhd \
      PB ieee/std_logic_1164 1381692176 PB ieee/NUMERIC_STD 1381692181 LB UNISIM \
      PH unisim/VCOMPONENTS 1381692182 LB encode_8b10b \
      PB Spartan6/asynch_sercomm_config_pack 1429800249
AR Spartan6/asynch_sercomm_tx_top/Behavioral 1429800266 \
      FL /home/sduvvuri/thesis.git/NDLCOM_Routing/New_NDLCOM_Routing/../../../fpgaSVN/FPGA/lib/Comm_Async_Serial_HS/trunk/Spartan6/asynch_sercomm_tx_top.vhd \
      EN Spartan6/asynch_sercomm_tx_top 1429800265 CP OBUFDS \
      CP Spartan6/asynch_sercomm_tx_frontend CP encode_8b10b/encode_8b10b_top
