PB dfki_pack dfki_pack /home/sduvvuri/fpgaSVN/FPGA/lib/DFKI_Pack/trunk/dfki_pack.vhd sub00/vhpl14 1429798284
AR ndlcomls behavioral /home/sduvvuri/fpgaSVN/FPGA/lib/NDLCom/branches/new_ndlcom/NDLComLS.vhd sub00/vhpl10 1429791236
EN bram_dp_simple NULL /home/sduvvuri/fpgaSVN/FPGA/lib/MEM_Controller/BRAM/trunk/rtl/bram_dp_simple.vhd sub00/vhpl00 1429798260
EN fast_fifo NULL /home/sduvvuri/fpgaSVN/FPGA/lib/fifo_module/trunk/fast_fifo.vhd sub00/vhpl02 1429798275
EN ndlcom_top NULL /home/sduvvuri/fpgaSVN/FPGA/lib/NDLCom/branches/new_ndlcom/NDLCom_top.vhd sub00/vhpl17 1429791239
AR ndlcom_top behavioral /home/sduvvuri/fpgaSVN/FPGA/lib/NDLCom/branches/new_ndlcom/NDLCom_top.vhd sub00/vhpl18 1429791240
EN uart_mod NULL "/home/sduvvuri/fpgaSVN/FPGA/lib/Comm_Async_Serial_HS/trunk/Examples/statistik tool/UART_mod.vhd" sub00/vhpl04 1429798277
AR uart_mod behavioral "/home/sduvvuri/fpgaSVN/FPGA/lib/Comm_Async_Serial_HS/trunk/Examples/statistik tool/UART_mod.vhd" sub00/vhpl05 1429798278
PB crc_pack crc_pack /home/sduvvuri/fpgaSVN/FPGA/lib/CRC/trunk/rtl/crc_pack.vhd sub00/vhpl16 1429798286
EN crc_par_mod NULL /home/sduvvuri/fpgaSVN/FPGA/lib/CRC/trunk/rtl/crc_par_mod.vhd sub00/vhpl11 1429791237
PH crc_pack NULL /home/sduvvuri/fpgaSVN/FPGA/lib/CRC/trunk/rtl/crc_pack.vhd sub00/vhpl15 1429798285
EN ndlcomhs NULL /home/sduvvuri/fpgaSVN/FPGA/lib/NDLCom/branches/new_ndlcom/NDLComHS.vhd sub00/vhpl07 1429798287
AR crc_par_mod behavioral /home/sduvvuri/fpgaSVN/FPGA/lib/CRC/trunk/rtl/crc_par_mod.vhd sub00/vhpl12 1429791238
EN ndlcomls NULL /home/sduvvuri/fpgaSVN/FPGA/lib/NDLCom/branches/new_ndlcom/NDLComLS.vhd sub00/vhpl09 1429791235
PH dfki_pack NULL /home/sduvvuri/fpgaSVN/FPGA/lib/DFKI_Pack/trunk/dfki_pack.vhd sub00/vhpl13 1429798283
AR ndlcomhs behavioral /home/sduvvuri/fpgaSVN/FPGA/lib/NDLCom/branches/new_ndlcom/NDLComHS.vhd sub00/vhpl08 1429791234
PH ndlcom_config NULL /home/sduvvuri/fpgaSVN/FPGA/lib/NDLCom/trunk/NDLCom_config.vhd sub00/vhpl06 1429798274
AR fast_fifo behavioral /home/sduvvuri/fpgaSVN/FPGA/lib/fifo_module/trunk/fast_fifo.vhd sub00/vhpl03 1429798276
AR bram_dp_simple behavioral /home/sduvvuri/fpgaSVN/FPGA/lib/MEM_Controller/BRAM/trunk/rtl/bram_dp_simple.vhd sub00/vhpl01 1429798261
