V3 38
FL "/home/sduvvuri/fpgaSVN/FPGA/lib/Comm_Async_Serial_HS/trunk/Examples/statistik tool/UART_mod.vhd" 2014/11/07.12:33:28 P.20131013
EN work/uart_mod 1429798277 \
      FL "/home/sduvvuri/fpgaSVN/FPGA/lib/Comm_Async_Serial_HS/trunk/Examples/statistik tool/UART_mod.vhd" \
      PB ieee/std_logic_1164 1381692176 PB ieee/NUMERIC_STD 1381692181
AR work/uart_mod/Behavioral 1429798278 \
      FL "/home/sduvvuri/fpgaSVN/FPGA/lib/Comm_Async_Serial_HS/trunk/Examples/statistik tool/UART_mod.vhd" \
      EN work/uart_mod 1429798277
FL /home/sduvvuri/fpgaSVN/FPGA/lib/CRC/trunk/rtl/crc_pack.vhd 2014/11/07.12:33:19 P.20131013
PH work/crc_pack 1429798285 \
      FL /home/sduvvuri/fpgaSVN/FPGA/lib/CRC/trunk/rtl/crc_pack.vhd \
      PB ieee/std_logic_1164 1381692176 PB ieee/NUMERIC_STD 1381692181
PB work/crc_pack 1429798286 \
      FL /home/sduvvuri/fpgaSVN/FPGA/lib/CRC/trunk/rtl/crc_pack.vhd \
      PH work/crc_pack 1429798285
FL /home/sduvvuri/fpgaSVN/FPGA/lib/CRC/trunk/rtl/crc_par_mod.vhd 2014/11/07.12:33:19 P.20131013
EN work/crc_par_mod 1429791237 \
      FL /home/sduvvuri/fpgaSVN/FPGA/lib/CRC/trunk/rtl/crc_par_mod.vhd \
      PB ieee/std_logic_1164 1381692176
AR work/crc_par_mod/Behavioral 1429791238 \
      FL /home/sduvvuri/fpgaSVN/FPGA/lib/CRC/trunk/rtl/crc_par_mod.vhd \
      EN work/crc_par_mod 1429791237
FL /home/sduvvuri/fpgaSVN/FPGA/lib/DFKI_Pack/trunk/dfki_pack.vhd 2015/02/25.13:51:40 P.20131013
PH work/dfki_pack 1429798283 \
      FL /home/sduvvuri/fpgaSVN/FPGA/lib/DFKI_Pack/trunk/dfki_pack.vhd \
      PB ieee/std_logic_1164 1381692176 PB ieee/NUMERIC_STD 1381692181 \
      PB ieee/MATH_REAL 1381692182
PB work/dfki_pack 1429798284 \
      FL /home/sduvvuri/fpgaSVN/FPGA/lib/DFKI_Pack/trunk/dfki_pack.vhd \
      PH work/dfki_pack 1429798283
FL /home/sduvvuri/fpgaSVN/FPGA/lib/fifo_module/trunk/fast_fifo.vhd 2015/04/23.10:10:59 P.20131013
EN work/fast_fifo 1429798275 \
      FL /home/sduvvuri/fpgaSVN/FPGA/lib/fifo_module/trunk/fast_fifo.vhd \
      PB ieee/std_logic_1164 1381692176 PB ieee/NUMERIC_STD 1381692181
AR work/fast_fifo/Behavioral 1429798276 \
      FL /home/sduvvuri/fpgaSVN/FPGA/lib/fifo_module/trunk/fast_fifo.vhd \
      EN work/fast_fifo 1429798275 CP work/bram_dp_simple
FL /home/sduvvuri/fpgaSVN/FPGA/lib/MEM_Controller/BRAM/trunk/rtl/bram_dp_simple.vhd 2014/11/07.12:33:35 P.20131013
EN work/bram_dp_simple 1429798260 \
      FL /home/sduvvuri/fpgaSVN/FPGA/lib/MEM_Controller/BRAM/trunk/rtl/bram_dp_simple.vhd \
      PB ieee/std_logic_1164 1381692176 PB ieee/NUMERIC_STD 1381692181
AR work/bram_dp_simple/behavioral 1429798261 \
      FL /home/sduvvuri/fpgaSVN/FPGA/lib/MEM_Controller/BRAM/trunk/rtl/bram_dp_simple.vhd \
      EN work/bram_dp_simple 1429798260
FL /home/sduvvuri/fpgaSVN/FPGA/lib/NDLCom/branches/new_ndlcom/NDLComHS.vhd 2015/04/23.10:10:09 P.20131013
EN work/NDLComHS 1429791233 \
      FL /home/sduvvuri/fpgaSVN/FPGA/lib/NDLCom/branches/new_ndlcom/NDLComHS.vhd \
      PB ieee/std_logic_1164 1381692176 PB ieee/NUMERIC_STD 1381692181 \
      PH work/NDLCom_config 1429798274 LB Spartan6 \
      PB Spartan6/asynch_sercomm_config_pack 1429798265
AR work/NDLComHS/Behavioral 1429791234 \
      FL /home/sduvvuri/fpgaSVN/FPGA/lib/NDLCom/branches/new_ndlcom/NDLComHS.vhd \
      EN work/NDLComHS 1429791233 CP work/fast_fifo \
      CP Spartan6/asynch_sercomm_tx_top CP Spartan6/asynch_sercomm_rx_top
FL /home/sduvvuri/fpgaSVN/FPGA/lib/NDLCom/branches/new_ndlcom/NDLComLS.vhd 2015/04/23.10:10:09 P.20131013
EN work/NDLComLS 1429791235 \
      FL /home/sduvvuri/fpgaSVN/FPGA/lib/NDLCom/branches/new_ndlcom/NDLComLS.vhd \
      PB ieee/std_logic_1164 1381692176 PB ieee/NUMERIC_STD 1381692181 \
      PH work/NDLCom_config 1429798274
AR work/NDLComLS/Behavioral 1429791236 \
      FL /home/sduvvuri/fpgaSVN/FPGA/lib/NDLCom/branches/new_ndlcom/NDLComLS.vhd \
      EN work/NDLComLS 1429791235 CP work/fast_fifo CP work/UART_mod
FL /home/sduvvuri/fpgaSVN/FPGA/lib/NDLCom/branches/new_ndlcom/NDLCom_config.vhd 2015/04/23.10:10:09 P.20131013
FL /home/sduvvuri/fpgaSVN/FPGA/lib/NDLCom/branches/new_ndlcom/NDLCom_top.vhd 2015/04/23.10:10:09 P.20131013
EN work/NDLCom_top 1429791239 \
      FL /home/sduvvuri/fpgaSVN/FPGA/lib/NDLCom/branches/new_ndlcom/NDLCom_top.vhd \
      PB ieee/std_logic_1164 1381692176 PB ieee/NUMERIC_STD 1381692181 \
      PH work/NDLCom_config 1429798274 PB work/dfki_pack 1429798284 \
      PB work/crc_pack 1429798286 LB Spartan6 \
      PB Spartan6/asynch_sercomm_config_pack 1429798265
AR work/NDLCom_top/Behavioral 1429791240 \
      FL /home/sduvvuri/fpgaSVN/FPGA/lib/NDLCom/branches/new_ndlcom/NDLCom_top.vhd \
      EN work/NDLCom_top 1429791239 CP work/bram_dp_simple CP work/fast_fifo \
      CP work/NDLComHS CP work/NDLComLS AR work/crc_par_mod/Behavioral 1429791238
FL /home/sduvvuri/fpgaSVN/FPGA/lib/NDLCom/trunk/NDLCom_config.vhd 2015/03/18.16:28:21 P.20131013
PH work/NDLCom_config 1429798274 \
      FL /home/sduvvuri/fpgaSVN/FPGA/lib/NDLCom/trunk/NDLCom_config.vhd \
      PB ieee/std_logic_1164 1381692176
