EN encode_8b10b_bram NULL /home/sduvvuri/fpgaSVN/FPGA/lib/Comm_Async_Serial_HS/trunk/encode_8b10b/encode_8b10b_bram.vhd sub00/vhpl06 1426265079
AR encode_8b10b_lut xilinx /home/sduvvuri/fpgaSVN/FPGA/lib/Comm_Async_Serial_HS/trunk/encode_8b10b/encode_8b10b_lut.vhd sub00/vhpl05 1426265078
AR encode_8b10b_bram xilinx /home/sduvvuri/fpgaSVN/FPGA/lib/Comm_Async_Serial_HS/trunk/encode_8b10b/encode_8b10b_bram.vhd sub00/vhpl07 1426265080
EN encode_8b10b_rtl NULL /home/sduvvuri/fpgaSVN/FPGA/lib/Comm_Async_Serial_HS/trunk/encode_8b10b/encode_8b10b_rtl.vhd sub00/vhpl08 1426265083
EN encode_8b10b_top NULL /home/sduvvuri/fpgaSVN/FPGA/lib/Comm_Async_Serial_HS/trunk/encode_8b10b/encode_8b10b_top.vhd sub00/vhpl10 1426265094
EN encode_8b10b_lut NULL /home/sduvvuri/fpgaSVN/FPGA/lib/Comm_Async_Serial_HS/trunk/encode_8b10b/encode_8b10b_lut.vhd sub00/vhpl04 1426265077
AR encode_8b10b_top xilinx /home/sduvvuri/fpgaSVN/FPGA/lib/Comm_Async_Serial_HS/trunk/encode_8b10b/encode_8b10b_top.vhd sub00/vhpl11 1426265095
AR encode_8b10b_rtl xilinx /home/sduvvuri/fpgaSVN/FPGA/lib/Comm_Async_Serial_HS/trunk/encode_8b10b/encode_8b10b_rtl.vhd sub00/vhpl09 1426265084
PB encode_8b10b_pkg encode_8b10b_pkg /home/sduvvuri/fpgaSVN/FPGA/lib/Comm_Async_Serial_HS/trunk/encode_8b10b/encode_8b10b_pkg.vhd sub00/vhpl01 1426265066
PH encode_8b10b_pkg NULL /home/sduvvuri/fpgaSVN/FPGA/lib/Comm_Async_Serial_HS/trunk/encode_8b10b/encode_8b10b_pkg.vhd sub00/vhpl00 1426265065
AR encode_8b10b_lut_base xilinx /home/sduvvuri/fpgaSVN/FPGA/lib/Comm_Async_Serial_HS/trunk/encode_8b10b/encode_8b10b_lut_base.vhd sub00/vhpl03 1426265072
EN encode_8b10b_lut_base NULL /home/sduvvuri/fpgaSVN/FPGA/lib/Comm_Async_Serial_HS/trunk/encode_8b10b/encode_8b10b_lut_base.vhd sub00/vhpl02 1426265071
