EN encode_8b10b_bram NULL /home/sduvvuri/fpgaSVN/FPGA/lib/Comm_Async_Serial_HS/trunk/encode_8b10b/encode_8b10b_bram.vhd sub00/vhpl06 1427385448
AR encode_8b10b_lut xilinx /home/sduvvuri/fpgaSVN/FPGA/lib/Comm_Async_Serial_HS/trunk/encode_8b10b/encode_8b10b_lut.vhd sub00/vhpl05 1427385447
AR encode_8b10b_bram xilinx /home/sduvvuri/fpgaSVN/FPGA/lib/Comm_Async_Serial_HS/trunk/encode_8b10b/encode_8b10b_bram.vhd sub00/vhpl07 1427385449
EN encode_8b10b_rtl NULL /home/sduvvuri/fpgaSVN/FPGA/lib/Comm_Async_Serial_HS/trunk/encode_8b10b/encode_8b10b_rtl.vhd sub00/vhpl08 1427385452
EN encode_8b10b_top NULL /home/sduvvuri/fpgaSVN/FPGA/lib/Comm_Async_Serial_HS/trunk/encode_8b10b/encode_8b10b_top.vhd sub00/vhpl10 1427385462
EN encode_8b10b_lut NULL /home/sduvvuri/fpgaSVN/FPGA/lib/Comm_Async_Serial_HS/trunk/encode_8b10b/encode_8b10b_lut.vhd sub00/vhpl04 1427385446
AR encode_8b10b_top xilinx /home/sduvvuri/fpgaSVN/FPGA/lib/Comm_Async_Serial_HS/trunk/encode_8b10b/encode_8b10b_top.vhd sub00/vhpl11 1427385463
AR encode_8b10b_rtl xilinx /home/sduvvuri/fpgaSVN/FPGA/lib/Comm_Async_Serial_HS/trunk/encode_8b10b/encode_8b10b_rtl.vhd sub00/vhpl09 1427385453
PB encode_8b10b_pkg encode_8b10b_pkg /home/sduvvuri/fpgaSVN/FPGA/lib/Comm_Async_Serial_HS/trunk/encode_8b10b/encode_8b10b_pkg.vhd sub00/vhpl01 1427385435
PH encode_8b10b_pkg NULL /home/sduvvuri/fpgaSVN/FPGA/lib/Comm_Async_Serial_HS/trunk/encode_8b10b/encode_8b10b_pkg.vhd sub00/vhpl00 1427385434
AR encode_8b10b_lut_base xilinx /home/sduvvuri/fpgaSVN/FPGA/lib/Comm_Async_Serial_HS/trunk/encode_8b10b/encode_8b10b_lut_base.vhd sub00/vhpl03 1427385441
EN encode_8b10b_lut_base NULL /home/sduvvuri/fpgaSVN/FPGA/lib/Comm_Async_Serial_HS/trunk/encode_8b10b/encode_8b10b_lut_base.vhd sub00/vhpl02 1427385440
