V3 29
FL /home/sduvvuri/fpgaSVN/FPGA/lib/Comm_Async_Serial_HS/trunk/encode_8b10b/encode_8b10b_bram.vhd 2014/11/07.12:33:26 P.20131013
EN encode_8b10b/encode_8b10b_bram 1426265079 \
      FL /home/sduvvuri/fpgaSVN/FPGA/lib/Comm_Async_Serial_HS/trunk/encode_8b10b/encode_8b10b_bram.vhd \
      PB ieee/std_logic_1164 1381692176 PB ieee/STD_LOGIC_UNSIGNED 1381692179 \
      PB std/TEXTIO 1381692176 LB encode_8b10b PB encode_8b10b/encode_8b10b_pkg 1426265066
AR encode_8b10b/encode_8b10b_bram/xilinx 1426265080 \
      FL /home/sduvvuri/fpgaSVN/FPGA/lib/Comm_Async_Serial_HS/trunk/encode_8b10b/encode_8b10b_bram.vhd \
      EN encode_8b10b/encode_8b10b_bram 1426265079
FL /home/sduvvuri/fpgaSVN/FPGA/lib/Comm_Async_Serial_HS/trunk/encode_8b10b/encode_8b10b_lut.vhd 2014/11/07.12:33:26 P.20131013
EN encode_8b10b/encode_8b10b_lut 1426265077 \
      FL /home/sduvvuri/fpgaSVN/FPGA/lib/Comm_Async_Serial_HS/trunk/encode_8b10b/encode_8b10b_lut.vhd \
      PB ieee/std_logic_1164 1381692176 LB encode_8b10b
AR encode_8b10b/encode_8b10b_lut/xilinx 1426265078 \
      FL /home/sduvvuri/fpgaSVN/FPGA/lib/Comm_Async_Serial_HS/trunk/encode_8b10b/encode_8b10b_lut.vhd \
      EN encode_8b10b/encode_8b10b_lut 1426265077 \
      CP encode_8b10b/encode_8b10b_lut_base
FL /home/sduvvuri/fpgaSVN/FPGA/lib/Comm_Async_Serial_HS/trunk/encode_8b10b/encode_8b10b_lut_base.vhd 2015/03/11.16:39:44 P.20131013
EN encode_8b10b/encode_8b10b_lut_base 1426265071 \
      FL /home/sduvvuri/fpgaSVN/FPGA/lib/Comm_Async_Serial_HS/trunk/encode_8b10b/encode_8b10b_lut_base.vhd \
      PB ieee/std_logic_1164 1381692176 PB ieee/std_logic_arith 1381692177 \
      LB encode_8b10b PB encode_8b10b/encode_8b10b_pkg 1426265066
AR encode_8b10b/encode_8b10b_lut_base/xilinx 1426265072 \
      FL /home/sduvvuri/fpgaSVN/FPGA/lib/Comm_Async_Serial_HS/trunk/encode_8b10b/encode_8b10b_lut_base.vhd \
      EN encode_8b10b/encode_8b10b_lut_base 1426265071
FL /home/sduvvuri/fpgaSVN/FPGA/lib/Comm_Async_Serial_HS/trunk/encode_8b10b/encode_8b10b_pkg.vhd 2014/11/07.12:33:26 P.20131013
PH encode_8b10b/encode_8b10b_pkg 1426265065 \
      FL /home/sduvvuri/fpgaSVN/FPGA/lib/Comm_Async_Serial_HS/trunk/encode_8b10b/encode_8b10b_pkg.vhd \
      PB ieee/std_logic_1164 1381692176 PB ieee/std_logic_misc 1381692178 \
      PB std/TEXTIO 1381692176
PB encode_8b10b/encode_8b10b_pkg 1426265066 \
      FL /home/sduvvuri/fpgaSVN/FPGA/lib/Comm_Async_Serial_HS/trunk/encode_8b10b/encode_8b10b_pkg.vhd \
      PH encode_8b10b/encode_8b10b_pkg 1426265065
FL /home/sduvvuri/fpgaSVN/FPGA/lib/Comm_Async_Serial_HS/trunk/encode_8b10b/encode_8b10b_rtl.vhd 2014/11/07.12:33:26 P.20131013
EN encode_8b10b/encode_8b10b_rtl 1426265083 \
      FL /home/sduvvuri/fpgaSVN/FPGA/lib/Comm_Async_Serial_HS/trunk/encode_8b10b/encode_8b10b_rtl.vhd \
      PB ieee/std_logic_1164 1381692176 LB encode_8b10b \
      PB encode_8b10b/encode_8b10b_pkg 1426265066
AR encode_8b10b/encode_8b10b_rtl/xilinx 1426265084 \
      FL /home/sduvvuri/fpgaSVN/FPGA/lib/Comm_Async_Serial_HS/trunk/encode_8b10b/encode_8b10b_rtl.vhd \
      EN encode_8b10b/encode_8b10b_rtl 1426265083 \
      CP encode_8b10b/encode_8b10b_lut CP encode_8b10b/encode_8b10b_bram
FL /home/sduvvuri/fpgaSVN/FPGA/lib/Comm_Async_Serial_HS/trunk/encode_8b10b/encode_8b10b_top.vhd 2014/11/07.12:33:26 P.20131013
EN encode_8b10b/encode_8b10b_top 1426265094 \
      FL /home/sduvvuri/fpgaSVN/FPGA/lib/Comm_Async_Serial_HS/trunk/encode_8b10b/encode_8b10b_top.vhd \
      PB ieee/std_logic_1164 1381692176 LB encode_8b10b \
      PB encode_8b10b/encode_8b10b_pkg 1426265066
AR encode_8b10b/encode_8b10b_top/xilinx 1426265095 \
      FL /home/sduvvuri/fpgaSVN/FPGA/lib/Comm_Async_Serial_HS/trunk/encode_8b10b/encode_8b10b_top.vhd \
      EN encode_8b10b/encode_8b10b_top 1426265094 \
      CP encode_8b10b/encode_8b10b_rtl
FL /home/sduvvuri/thesis.git/NDLCOM_ECHO/../../fpgaSVN/FPGA/lib/Comm_Async_Serial_HS/trunk/encode_8b10b/encode_8b10b_bram.vhd 2014/11/07.12:33:26 P.20131013
FL /home/sduvvuri/thesis.git/NDLCOM_ECHO/../../fpgaSVN/FPGA/lib/Comm_Async_Serial_HS/trunk/encode_8b10b/encode_8b10b_lut.vhd 2014/11/07.12:33:26 P.20131013
FL /home/sduvvuri/thesis.git/NDLCOM_ECHO/../../fpgaSVN/FPGA/lib/Comm_Async_Serial_HS/trunk/encode_8b10b/encode_8b10b_lut_base.vhd 2015/03/11.16:39:44 P.20131013
FL /home/sduvvuri/thesis.git/NDLCOM_ECHO/../../fpgaSVN/FPGA/lib/Comm_Async_Serial_HS/trunk/encode_8b10b/encode_8b10b_pkg.vhd 2014/11/07.12:33:26 P.20131013
FL /home/sduvvuri/thesis.git/NDLCOM_ECHO/../../fpgaSVN/FPGA/lib/Comm_Async_Serial_HS/trunk/encode_8b10b/encode_8b10b_rtl.vhd 2014/11/07.12:33:26 P.20131013
FL /home/sduvvuri/thesis.git/NDLCOM_ECHO/../../fpgaSVN/FPGA/lib/Comm_Async_Serial_HS/trunk/encode_8b10b/encode_8b10b_top.vhd 2014/11/07.12:33:26 P.20131013
