EN basic_clk_reset_mod NULL /home/sduvvuri/fpgaSVN/FPGA/lib/Comm_Async_Serial_HS/trunk/Spartan6/basic_clk_rst_mod.vhd sub00/vhpl08 1427385486
EN asynch_sercomm_rx_top NULL /home/sduvvuri/fpgaSVN/FPGA/lib/Comm_Async_Serial_HS/trunk/Spartan6/asynch_sercomm_rx_top.vhd sub00/vhpl12 1427385490
PB asynch_sercomm_rx_frontend_pack asynch_sercomm_rx_frontend_pack /home/sduvvuri/fpgaSVN/FPGA/lib/Comm_Async_Serial_HS/trunk/Spartan6/asynch_sercomm_rx_frontend.vhd sub00/vhpl03 1427385459
AR asynch_sercomm_rx_top behavioral /home/sduvvuri/fpgaSVN/FPGA/lib/Comm_Async_Serial_HS/trunk/Spartan6/asynch_sercomm_rx_top.vhd sub00/vhpl13 1427385491
PH asynch_sercomm_config_pack NULL /home/sduvvuri/fpgaSVN/FPGA/lib/Comm_Async_Serial_HS/trunk/Spartan6/asynch_sercomm_config_pack.vhd sub00/vhpl00 1427385456
AR asynch_sercomm_tx_frontend behavioral /home/sduvvuri/fpgaSVN/FPGA/lib/Comm_Async_Serial_HS/trunk/Spartan6/asynch_sercomm_tx_frontend.vhd sub00/vhpl07 1427385465
EN asynch_sercomm_tx_top NULL /home/sduvvuri/fpgaSVN/FPGA/lib/Comm_Async_Serial_HS/trunk/Spartan6/asynch_sercomm_tx_top.vhd sub00/vhpl10 1427385488
AR basic_clk_reset_mod behavioral /home/sduvvuri/fpgaSVN/FPGA/lib/Comm_Async_Serial_HS/trunk/Spartan6/basic_clk_rst_mod.vhd sub00/vhpl09 1427385487
AR asynch_sercomm_rx_frontend behavioral /home/sduvvuri/fpgaSVN/FPGA/lib/Comm_Async_Serial_HS/trunk/Spartan6/asynch_sercomm_rx_frontend.vhd sub00/vhpl05 1427385461
PB asynch_sercomm_config_pack asynch_sercomm_config_pack /home/sduvvuri/fpgaSVN/FPGA/lib/Comm_Async_Serial_HS/trunk/Spartan6/asynch_sercomm_config_pack.vhd sub00/vhpl01 1427385457
AR asynch_sercomm_tx_top behavioral /home/sduvvuri/fpgaSVN/FPGA/lib/Comm_Async_Serial_HS/trunk/Spartan6/asynch_sercomm_tx_top.vhd sub00/vhpl11 1427385489
EN asynch_sercomm_rx_frontend NULL /home/sduvvuri/fpgaSVN/FPGA/lib/Comm_Async_Serial_HS/trunk/Spartan6/asynch_sercomm_rx_frontend.vhd sub00/vhpl04 1427385460
PH asynch_sercomm_rx_frontend_pack NULL /home/sduvvuri/fpgaSVN/FPGA/lib/Comm_Async_Serial_HS/trunk/Spartan6/asynch_sercomm_rx_frontend.vhd sub00/vhpl02 1427385458
EN asynch_sercomm_tx_frontend NULL /home/sduvvuri/fpgaSVN/FPGA/lib/Comm_Async_Serial_HS/trunk/Spartan6/asynch_sercomm_tx_frontend.vhd sub00/vhpl06 1427385464
