V3 41
FL /home/sduvvuri/fpgaSVN/FPGA/lib/Comm_Async_Serial_HS/trunk/Spartan6/asynch_sercomm_config_pack.vhd 2014/11/07.12:33:28 P.20131013
PH Spartan6/asynch_sercomm_config_pack 1426265088 \
      FL /home/sduvvuri/fpgaSVN/FPGA/lib/Comm_Async_Serial_HS/trunk/Spartan6/asynch_sercomm_config_pack.vhd \
      PB ieee/std_logic_1164 1381692176 PB ieee/NUMERIC_STD 1381692181
PB Spartan6/asynch_sercomm_config_pack 1426265089 \
      FL /home/sduvvuri/fpgaSVN/FPGA/lib/Comm_Async_Serial_HS/trunk/Spartan6/asynch_sercomm_config_pack.vhd \
      PH Spartan6/asynch_sercomm_config_pack 1426265088
FL /home/sduvvuri/fpgaSVN/FPGA/lib/Comm_Async_Serial_HS/trunk/Spartan6/asynch_sercomm_rx_frontend.vhd 2015/02/25.13:51:37 P.20131013
PH Spartan6/asynch_sercomm_rx_frontend_pack 1426265090 \
      FL /home/sduvvuri/fpgaSVN/FPGA/lib/Comm_Async_Serial_HS/trunk/Spartan6/asynch_sercomm_rx_frontend.vhd \
      PB ieee/std_logic_1164 1381692176
PB Spartan6/asynch_sercomm_rx_frontend_pack 1426265091 \
      FL /home/sduvvuri/fpgaSVN/FPGA/lib/Comm_Async_Serial_HS/trunk/Spartan6/asynch_sercomm_rx_frontend.vhd \
      PH Spartan6/asynch_sercomm_rx_frontend_pack 1426265090
EN Spartan6/asynch_sercomm_rx_frontend 1426265092 \
      FL /home/sduvvuri/fpgaSVN/FPGA/lib/Comm_Async_Serial_HS/trunk/Spartan6/asynch_sercomm_rx_frontend.vhd \
      PB ieee/std_logic_1164 1381692176 PB ieee/NUMERIC_STD 1381692181 LB UNISIM \
      PH unisim/VCOMPONENTS 1381692182 \
      PB Spartan6/asynch_sercomm_rx_frontend_pack 1426265091
AR Spartan6/asynch_sercomm_rx_frontend/Behavioral 1426265093 \
      FL /home/sduvvuri/fpgaSVN/FPGA/lib/Comm_Async_Serial_HS/trunk/Spartan6/asynch_sercomm_rx_frontend.vhd \
      EN Spartan6/asynch_sercomm_rx_frontend 1426265092 CP IODELAY2 CP ISERDES2
FL /home/sduvvuri/fpgaSVN/FPGA/lib/Comm_Async_Serial_HS/trunk/Spartan6/asynch_sercomm_rx_top.vhd 2014/11/07.12:33:28 P.20131013
EN Spartan6/asynch_sercomm_rx_top 1426265124 \
      FL /home/sduvvuri/fpgaSVN/FPGA/lib/Comm_Async_Serial_HS/trunk/Spartan6/asynch_sercomm_rx_top.vhd \
      PB ieee/std_logic_1164 1381692176 PB ieee/NUMERIC_STD 1381692181 LB UNISIM \
      PH unisim/VCOMPONENTS 1381692182 LB decode_8b10b \
      PB Spartan6/asynch_sercomm_config_pack 1426265089
AR Spartan6/asynch_sercomm_rx_top/Behavioral 1426265125 \
      FL /home/sduvvuri/fpgaSVN/FPGA/lib/Comm_Async_Serial_HS/trunk/Spartan6/asynch_sercomm_rx_top.vhd \
      EN Spartan6/asynch_sercomm_rx_top 1426265124 CP IBUFDS \
      CP Spartan6/asynch_sercomm_rx_frontend CP decode_8b10b/decode_8b10b_top
FL /home/sduvvuri/fpgaSVN/FPGA/lib/Comm_Async_Serial_HS/trunk/Spartan6/asynch_sercomm_tx_frontend.vhd 2014/11/07.12:33:28 P.20131013
EN Spartan6/asynch_sercomm_tx_frontend 1426265096 \
      FL /home/sduvvuri/fpgaSVN/FPGA/lib/Comm_Async_Serial_HS/trunk/Spartan6/asynch_sercomm_tx_frontend.vhd \
      PB ieee/std_logic_1164 1381692176 PB ieee/NUMERIC_STD 1381692181 LB UNISIM \
      PH unisim/VCOMPONENTS 1381692182
AR Spartan6/asynch_sercomm_tx_frontend/Behavioral 1426265097 \
      FL /home/sduvvuri/fpgaSVN/FPGA/lib/Comm_Async_Serial_HS/trunk/Spartan6/asynch_sercomm_tx_frontend.vhd \
      EN Spartan6/asynch_sercomm_tx_frontend 1426265096 CP OSERDES2
FL /home/sduvvuri/fpgaSVN/FPGA/lib/Comm_Async_Serial_HS/trunk/Spartan6/asynch_sercomm_tx_top.vhd 2014/11/07.12:33:28 P.20131013
EN Spartan6/asynch_sercomm_tx_top 1426265122 \
      FL /home/sduvvuri/fpgaSVN/FPGA/lib/Comm_Async_Serial_HS/trunk/Spartan6/asynch_sercomm_tx_top.vhd \
      PB ieee/std_logic_1164 1381692176 PB ieee/NUMERIC_STD 1381692181 LB UNISIM \
      PH unisim/VCOMPONENTS 1381692182 LB encode_8b10b \
      PB Spartan6/asynch_sercomm_config_pack 1426265089
AR Spartan6/asynch_sercomm_tx_top/Behavioral 1426265123 \
      FL /home/sduvvuri/fpgaSVN/FPGA/lib/Comm_Async_Serial_HS/trunk/Spartan6/asynch_sercomm_tx_top.vhd \
      EN Spartan6/asynch_sercomm_tx_top 1426265122 CP OBUFDS \
      CP Spartan6/asynch_sercomm_tx_frontend CP encode_8b10b/encode_8b10b_top
FL /home/sduvvuri/fpgaSVN/FPGA/lib/Comm_Async_Serial_HS/trunk/Spartan6/basic_clk_rst_mod.vhd 2015/03/11.14:22:48 P.20131013
EN Spartan6/basic_clk_reset_mod 1426265120 \
      FL /home/sduvvuri/fpgaSVN/FPGA/lib/Comm_Async_Serial_HS/trunk/Spartan6/basic_clk_rst_mod.vhd \
      PB ieee/std_logic_1164 1381692176 PB ieee/NUMERIC_STD 1381692181 LB UNISIM \
      PH unisim/VCOMPONENTS 1381692182 PB Spartan6/asynch_sercomm_config_pack 1426265089
AR Spartan6/basic_clk_reset_mod/Behavioral 1426265121 \
      FL /home/sduvvuri/fpgaSVN/FPGA/lib/Comm_Async_Serial_HS/trunk/Spartan6/basic_clk_rst_mod.vhd \
      EN Spartan6/basic_clk_reset_mod 1426265120 CP PLL_BASE CP BUFPLL CP BUFG
FL /home/sduvvuri/thesis.git/NDLCOM_ECHO/../../fpgaSVN/FPGA/lib/Comm_Async_Serial_HS/trunk/Spartan6/asynch_sercomm_config_pack.vhd 2014/11/07.12:33:28 P.20131013
FL /home/sduvvuri/thesis.git/NDLCOM_ECHO/../../fpgaSVN/FPGA/lib/Comm_Async_Serial_HS/trunk/Spartan6/asynch_sercomm_rx_frontend.vhd 2015/02/25.13:51:37 P.20131013
FL /home/sduvvuri/thesis.git/NDLCOM_ECHO/../../fpgaSVN/FPGA/lib/Comm_Async_Serial_HS/trunk/Spartan6/asynch_sercomm_rx_top.vhd 2014/11/07.12:33:28 P.20131013
FL /home/sduvvuri/thesis.git/NDLCOM_ECHO/../../fpgaSVN/FPGA/lib/Comm_Async_Serial_HS/trunk/Spartan6/asynch_sercomm_tx_frontend.vhd 2014/11/07.12:33:28 P.20131013
FL /home/sduvvuri/thesis.git/NDLCOM_ECHO/../../fpgaSVN/FPGA/lib/Comm_Async_Serial_HS/trunk/Spartan6/asynch_sercomm_tx_top.vhd 2014/11/07.12:33:28 P.20131013
FL /home/sduvvuri/thesis.git/NDLCOM_ECHO/../../fpgaSVN/FPGA/lib/Comm_Async_Serial_HS/trunk/Spartan6/basic_clk_rst_mod.vhd 2015/03/11.14:22:48 P.20131013
