AR uart_controller behavioral /home/sduvvuri/thesis.git/UART_TOP_MOD_II/UART_Controller.vhd sub00/vhpl03 1425994391
EN uart_top_mod_ii_design NULL /home/sduvvuri/thesis.git/UART_TOP_MOD_II/UART_TOP_MOD_II_design.vhd sub00/vhpl04 1425994392
EN uart_mod NULL /home/sduvvuri/fpgaSVN/FPGA/lib/UART_module/trunk/UART_mod.vhd sub00/vhpl00 1425994388
AR uart_top_mod_ii_design behavioral /home/sduvvuri/thesis.git/UART_TOP_MOD_II/UART_TOP_MOD_II_design.vhd sub00/vhpl05 1425994393
AR uart_mod behavioral /home/sduvvuri/fpgaSVN/FPGA/lib/UART_module/trunk/UART_mod.vhd sub00/vhpl01 1425994389
EN uart_controller NULL /home/sduvvuri/thesis.git/UART_TOP_MOD_II/UART_Controller.vhd sub00/vhpl02 1425994390
