V3 11
FL /home/sduvvuri/fpgaSVN/FPGA/lib/UART_module/trunk/UART_mod.vhd 2015/02/26.16:29:16 P.20131013
EN work/uart_mod 1425994388 \
      FL /home/sduvvuri/fpgaSVN/FPGA/lib/UART_module/trunk/UART_mod.vhd \
      PB ieee/std_logic_1164 1381692176 PB ieee/NUMERIC_STD 1381692181
AR work/uart_mod/Behavioral 1425994389 \
      FL /home/sduvvuri/fpgaSVN/FPGA/lib/UART_module/trunk/UART_mod.vhd \
      EN work/uart_mod 1425994388
FL /home/sduvvuri/thesis.git/UART_TOP_MOD_II/UART_Controller.vhd 2015/03/10.14:32:54 P.20131013
EN work/UART_Controller 1425994390 \
      FL /home/sduvvuri/thesis.git/UART_TOP_MOD_II/UART_Controller.vhd \
      PB ieee/std_logic_1164 1381692176
AR work/UART_Controller/Behavioral 1425994391 \
      FL /home/sduvvuri/thesis.git/UART_TOP_MOD_II/UART_Controller.vhd \
      EN work/UART_Controller 1425994390
FL /home/sduvvuri/thesis.git/UART_TOP_MOD_II/UART_TOP_MOD_II_design.vhd 2015/03/10.14:06:16 P.20131013
EN work/UART_TOP_MOD_II_design 1425994392 \
      FL /home/sduvvuri/thesis.git/UART_TOP_MOD_II/UART_TOP_MOD_II_design.vhd \
      PB ieee/std_logic_1164 1381692176
AR work/UART_TOP_MOD_II_design/Behavioral 1425994393 \
      FL /home/sduvvuri/thesis.git/UART_TOP_MOD_II/UART_TOP_MOD_II_design.vhd \
      EN work/UART_TOP_MOD_II_design 1425994392 CP uart_mod CP uart_Controller
