--------------------------------------------------------------------------------
Release 14.7 Trace  (lin64)
Copyright (c) 1995-2013 Xilinx, Inc.  All rights reserved.

/home/sduvvuri/Documents/Xilinx/Xilinx/14.7/ISE_DS/ISE/bin/lin64/unwrapped/trce
-filter /home/sduvvuri/thesis.git/NDLCOM_ECHO/iseconfig/filter.filter -intstyle
ise -v 3 -s 4 -n 3 -fastpaths -xml NDLComBasicExample.twx
NDLComBasicExample.ncd -o NDLComBasicExample.twr NDLComBasicExample.pcf

Design file:              NDLComBasicExample.ncd
Physical constraint file: NDLComBasicExample.pcf
Device,package,speed:     xc3s400a,ft256,-4 (PRODUCTION 1.42 2013-10-13)
Report level:             verbose report

Environment Variable      Effect 
--------------------      ------ 
NONE                      No environment variables were set
--------------------------------------------------------------------------------

INFO:Timing:2698 - No timing constraints found, doing default enumeration.
INFO:Timing:3412 - To improve timing, see the Timing Closure User Guide (UG612).
INFO:Timing:2752 - To get complete path coverage, use the unconstrained paths 
   option. All paths that are not constrained will be reported in the 
   unconstrained paths section(s) of the report.
INFO:Timing:3339 - The clock-to-out numbers in this timing report are based on 
   a 50 Ohm transmission line loading model.  For the details of this model, 
   and for more information on accounting for different loading conditions, 
   please see the device datasheet.
INFO:Timing:3390 - This architecture does not support a default System Jitter 
   value, please add SYSTEM_JITTER constraint to the UCF to modify the Clock 
   Uncertainty calculation.
INFO:Timing:3389 - This architecture does not support 'Discrete Jitter' and 
   'Phase Error' calculations, these terms will be zero in the Clock 
   Uncertainty calculation.  Please make appropriate modification to 
   SYSTEM_JITTER to account for the unsupported Discrete Jitter and Phase 
   Error.



Data Sheet report:
-----------------
All values displayed in nanoseconds (ns)

Setup/Hold to clock CLK_IN
------------+------------+------------+------------------+--------+
            |Max Setup to|Max Hold to |                  | Clock  |
Source      | clk (edge) | clk (edge) |Internal Clock(s) | Phase  |
------------+------------+------------+------------------+--------+
PROM_MISO   |    4.126(R)|    0.495(R)|CLK_IN_BUFGP      |   0.000|
RX1         |    0.314(R)|    0.523(R)|CLK_IN_BUFGP      |   0.000|
RX2         |   -0.147(R)|    0.886(R)|CLK_IN_BUFGP      |   0.000|
nRST_IN     |    6.786(R)|    0.111(R)|CLK_IN_BUFGP      |   0.000|
------------+------------+------------+------------------+--------+

Clock CLK_IN to Pad
------------+------------+------------------+--------+
            | clk (edge) |                  | Clock  |
Destination |   to PAD   |Internal Clock(s) | Phase  |
------------+------------+------------------+--------+
LED<0>      |    8.555(R)|CLK_IN_BUFGP      |   0.000|
LED<1>      |   11.809(R)|CLK_IN_BUFGP      |   0.000|
PROM_CLK    |    7.122(R)|CLK_IN_BUFGP      |   0.000|
PROM_MOSI   |    7.507(R)|CLK_IN_BUFGP      |   0.000|
PROM_nCS    |    6.991(R)|CLK_IN_BUFGP      |   0.000|
TX1         |    8.218(R)|CLK_IN_BUFGP      |   0.000|
TX2         |    7.466(R)|CLK_IN_BUFGP      |   0.000|
------------+------------+------------------+--------+

Clock to Setup on destination clock CLK_IN
---------------+---------+---------+---------+---------+
               | Src:Rise| Src:Fall| Src:Rise| Src:Fall|
Source Clock   |Dest:Rise|Dest:Rise|Dest:Fall|Dest:Fall|
---------------+---------+---------+---------+---------+
CLK_IN         |   12.370|         |         |         |
---------------+---------+---------+---------+---------+


Analysis completed Thu Mar 12 15:40:00 2015 
--------------------------------------------------------------------------------

Trace Settings:
-------------------------
Trace Settings 

Peak Memory Usage: 448 MB



