PH deviceclasses NULL /home/sduvvuri/Documents/istruct/dev/lib/RobotConfig/vhdl/CommonConfig/DeviceClasses.vhd sub00/vhpl16 1426265107
PB register_pack register_pack /home/sduvvuri/fpgaSVN/FPGA/lib/register/trunk/register_pack.vhd sub00/vhpl28 1426265138
AR ndlcom_controller behavioral /home/sduvvuri/thesis.git/NDLCOM_ECHO/NDLCOM_CONTROLLER.vhd sub00/vhpl42 1426257179
EN register_access NULL /home/sduvvuri/fpgaSVN/FPGA/lib/register/trunk/register_access.vhd sub00/vhpl33 1426265148
AR rtc_mod behavioral /home/sduvvuri/fpgaSVN/FPGA/lib/rtc_mod/trunk/rtc_mod.vhd sub00/vhpl26 1426265143
AR fifo fifo_a /home/sduvvuri/fpgaSVN/FPGA/lib/Comm_Async_Serial_HS/trunk/utils/fifo.vhd sub00/vhpl01 1426265127
PB dfki_pack dfki_pack /home/sduvvuri/fpgaSVN/FPGA/lib/DFKI_Pack/trunk/dfki_pack.vhd sub00/vhpl11 1426265113
EN simple_spiprom_interface NULL /home/sduvvuri/fpgaSVN/FPGA/lib/spi_prom/trunk/simple_spiprom_interface.vhd sub00/vhpl31 1426265146
EN ndlcom NULL /home/sduvvuri/fpgaSVN/FPGA/lib/NDLCom/trunk/NDLCom.vhd sub00/vhpl20 1426265139
PH config NULL /home/sduvvuri/fpgaSVN/FPGA/designs/NDLCom/examples/basic/trunk/config.vhd sub00/vhpl19 1426265128
EN rtc_mod NULL /home/sduvvuri/fpgaSVN/FPGA/lib/rtc_mod/trunk/rtc_mod.vhd sub00/vhpl25 1426265142
EN bram_dp_simple NULL /home/sduvvuri/fpgaSVN/FPGA/lib/MEM_Controller/BRAM/trunk/rtl/bram_dp_simple.vhd sub00/vhpl03 1426265129
AR ndlcombasicexample behavioral /home/sduvvuri/fpgaSVN/FPGA/designs/NDLCom/examples/basic/trunk/NDLComBasicExample.vhd sub00/vhpl38 1426265153
PH representations NULL /home/sduvvuri/Documents/istruct/dev/lib/representations/vhdl/Representations.vhd sub00/vhpl17 1426265108
EN ndlcom_echo_top NULL /home/sduvvuri/thesis.git/NDLCOM_ECHO/NDLCOM_ECHO_TOP.vhd sub00/vhpl39 1426265154
AR ndlcom_wrapper behavioral /home/sduvvuri/fpgaSVN/FPGA/designs/NDLCom/examples/basic/trunk/NDLCom_wrapper.vhd sub00/vhpl30 1426265145
EN uart_mod NULL /home/sduvvuri/fpgaSVN/FPGA/lib/NDLCom/trunk/UART_mod.vhd sub00/vhpl05 1426265131
AR uart_mod behavioral /home/sduvvuri/fpgaSVN/FPGA/lib/NDLCom/trunk/UART_mod.vhd sub00/vhpl06 1426265132
AR ndlcom_echo_top behavioral /home/sduvvuri/thesis.git/NDLCOM_ECHO/NDLCOM_ECHO_TOP.vhd sub00/vhpl40 1426265155
PB crc_pack crc_pack /home/sduvvuri/fpgaSVN/FPGA/lib/CRC/trunk/rtl/crc_pack.vhd sub00/vhpl09 1426265111
PH devices NULL /home/sduvvuri/Documents/istruct/dev/lib/RobotConfig/vhdl/CommonConfig/Devices.vhd sub00/vhpl02 1426265106
AR simple_spiprom_interface behavioral /home/sduvvuri/fpgaSVN/FPGA/lib/spi_prom/trunk/simple_spiprom_interface.vhd sub00/vhpl32 1426265147
EN crc_par_mod NULL /home/sduvvuri/fpgaSVN/FPGA/lib/CRC/trunk/rtl/crc_par_mod.vhd sub00/vhpl14 1426265135
AR insystemprogramming behavioral /home/sduvvuri/fpgaSVN/FPGA/lib/InSystemProgramming/trunk/InSystemProgramming.vhd sub00/vhpl36 1426265151
AR device_reconf_spartan6 behavioral /home/sduvvuri/fpgaSVN/FPGA/lib/device_reconf/trunk/device_reconf_spartan6.vhd sub00/vhpl24 1426170864
EN ndlcombasicexample NULL /home/sduvvuri/fpgaSVN/FPGA/designs/NDLCom/examples/basic/trunk/NDLComBasicExample.vhd sub00/vhpl37 1426265152
PH register_types NULL /home/sduvvuri/fpgaSVN/FPGA/lib/register/trunk/register_types.vhd sub00/vhpl18 1426265085
EN uart_hs_mod NULL /home/sduvvuri/fpgaSVN/FPGA/lib/NDLCom/trunk/UART_HS_mod.vhd sub00/vhpl12 1426265133
PH crc_pack NULL /home/sduvvuri/fpgaSVN/FPGA/lib/CRC/trunk/rtl/crc_pack.vhd sub00/vhpl08 1426265110
AR register_access behavioral /home/sduvvuri/fpgaSVN/FPGA/lib/register/trunk/register_access.vhd sub00/vhpl34 1426265149
EN ndlcom_wrapper NULL /home/sduvvuri/fpgaSVN/FPGA/designs/NDLCom/examples/basic/trunk/NDLCom_wrapper.vhd sub00/vhpl29 1426265144
AR crc_par_mod behavioral /home/sduvvuri/fpgaSVN/FPGA/lib/CRC/trunk/rtl/crc_par_mod.vhd sub00/vhpl15 1426265136
EN insystemprogramming NULL /home/sduvvuri/fpgaSVN/FPGA/lib/InSystemProgramming/trunk/InSystemProgramming.vhd sub00/vhpl35 1426265150
AR uart_hs_mod behaviour /home/sduvvuri/fpgaSVN/FPGA/lib/NDLCom/trunk/UART_HS_mod.vhd sub00/vhpl13 1426265134
AR ndlcom behavioral /home/sduvvuri/fpgaSVN/FPGA/lib/NDLCom/trunk/NDLCom.vhd sub00/vhpl21 1426265140
PH register_pack NULL /home/sduvvuri/fpgaSVN/FPGA/lib/register/trunk/register_pack.vhd sub00/vhpl27 1426265137
PH dfki_pack NULL /home/sduvvuri/fpgaSVN/FPGA/lib/DFKI_Pack/trunk/dfki_pack.vhd sub00/vhpl10 1426265112
PH ndlcom_config NULL /home/sduvvuri/fpgaSVN/FPGA/lib/NDLCom/trunk/NDLCom_config.vhd sub00/vhpl07 1426265109
EN ndlcom_controller NULL /home/sduvvuri/thesis.git/NDLCOM_ECHO/NDLCOM_CONTROLLER.vhd sub00/vhpl41 1426257178
PH date NULL /home/sduvvuri/fpgaSVN/FPGA/designs/NDLCom/examples/basic/trunk/date.vhd sub00/vhpl22 1426265141
EN fifo NULL /home/sduvvuri/fpgaSVN/FPGA/lib/Comm_Async_Serial_HS/trunk/utils/fifo.vhd sub00/vhpl00 1426265126
AR bram_dp_simple behavioral /home/sduvvuri/fpgaSVN/FPGA/lib/MEM_Controller/BRAM/trunk/rtl/bram_dp_simple.vhd sub00/vhpl04 1426265130
EN device_reconf_spartan6 NULL /home/sduvvuri/fpgaSVN/FPGA/lib/device_reconf/trunk/device_reconf_spartan6.vhd sub00/vhpl23 1426170863
