PH deviceclasses NULL /home/sduvvuri/Documents/istruct/dev/lib/RobotConfig/vhdl/CommonConfig/DeviceClasses.vhd sub00/vhpl16 1427385495
PB register_pack register_pack /home/sduvvuri/fpgaSVN/FPGA/lib/register/trunk/register_pack.vhd sub00/vhpl28 1427385507
AR ndlcom_controller behavioral /home/sduvvuri/thesis.git/NDLCOM_ECHO/NDLCOM_CONTROLLER.vhd sub00/vhpl42 1426257179
EN register_access NULL /home/sduvvuri/fpgaSVN/FPGA/lib/register/trunk/register_access.vhd sub00/vhpl33 1427377118
AR rtc_mod behavioral /home/sduvvuri/fpgaSVN/FPGA/lib/rtc_mod/trunk/rtc_mod.vhd sub00/vhpl26 1427377113
AR fifo fifo_a /home/sduvvuri/fpgaSVN/FPGA/lib/Comm_Async_Serial_HS/trunk/utils/fifo.vhd sub00/vhpl01 1427385493
PB dfki_pack dfki_pack /home/sduvvuri/fpgaSVN/FPGA/lib/DFKI_Pack/trunk/dfki_pack.vhd sub00/vhpl11 1427385479
EN simple_spiprom_interface NULL /home/sduvvuri/fpgaSVN/FPGA/lib/spi_prom/trunk/simple_spiprom_interface.vhd sub00/vhpl31 1427377116
EN ndlcom NULL /home/sduvvuri/fpgaSVN/FPGA/lib/NDLCom/trunk/NDLCom.vhd sub00/vhpl20 1427385508
PH config NULL /home/sduvvuri/fpgaSVN/FPGA/designs/NDLCom/examples/basic/trunk/config.vhd sub00/vhpl19 1427385505
EN rtc_mod NULL /home/sduvvuri/fpgaSVN/FPGA/lib/rtc_mod/trunk/rtc_mod.vhd sub00/vhpl25 1427377112
EN bram_dp_simple NULL /home/sduvvuri/fpgaSVN/FPGA/lib/MEM_Controller/BRAM/trunk/rtl/bram_dp_simple.vhd sub00/vhpl03 1427385497
AR ndlcombasicexample behavioral /home/sduvvuri/fpgaSVN/FPGA/designs/NDLCom/examples/basic/trunk/NDLComBasicExample.vhd sub00/vhpl38 1427377123
PH representations NULL /home/sduvvuri/Documents/istruct/dev/lib/representations/vhdl/Representations.vhd sub00/vhpl17 1427385496
EN ndlcom_echo_top NULL /home/sduvvuri/thesis.git/NDLCOM_ECHO/NDLCOM_ECHO_TOP.vhd sub00/vhpl39 1427377124
AR ndlcom_wrapper behavioral /home/sduvvuri/fpgaSVN/FPGA/designs/NDLCom/examples/basic/trunk/NDLCom_wrapper.vhd sub00/vhpl30 1427385511
EN uart_mod NULL /home/sduvvuri/fpgaSVN/FPGA/lib/NDLCom/trunk/UART_mod.vhd sub00/vhpl05 1427385499
AR uart_mod behavioral /home/sduvvuri/fpgaSVN/FPGA/lib/NDLCom/trunk/UART_mod.vhd sub00/vhpl06 1427385500
AR ndlcom_echo_top behavioral /home/sduvvuri/thesis.git/NDLCOM_ECHO/NDLCOM_ECHO_TOP.vhd sub00/vhpl40 1427377125
PB crc_pack crc_pack /home/sduvvuri/fpgaSVN/FPGA/lib/CRC/trunk/rtl/crc_pack.vhd sub00/vhpl09 1427385477
PH devices NULL /home/sduvvuri/Documents/istruct/dev/lib/RobotConfig/vhdl/CommonConfig/Devices.vhd sub00/vhpl02 1427385494
AR simple_spiprom_interface behavioral /home/sduvvuri/fpgaSVN/FPGA/lib/spi_prom/trunk/simple_spiprom_interface.vhd sub00/vhpl32 1427377117
EN crc_par_mod NULL /home/sduvvuri/fpgaSVN/FPGA/lib/CRC/trunk/rtl/crc_par_mod.vhd sub00/vhpl14 1427385503
AR insystemprogramming behavioral /home/sduvvuri/fpgaSVN/FPGA/lib/InSystemProgramming/trunk/InSystemProgramming.vhd sub00/vhpl36 1427377121
AR device_reconf_spartan6 behavioral /home/sduvvuri/fpgaSVN/FPGA/lib/device_reconf/trunk/device_reconf_spartan6.vhd sub00/vhpl24 1426170864
EN ndlcombasicexample NULL /home/sduvvuri/fpgaSVN/FPGA/designs/NDLCom/examples/basic/trunk/NDLComBasicExample.vhd sub00/vhpl37 1427377122
PH register_types NULL /home/sduvvuri/fpgaSVN/FPGA/lib/register/trunk/register_types.vhd sub00/vhpl18 1427385474
EN uart_hs_mod NULL /home/sduvvuri/fpgaSVN/FPGA/lib/NDLCom/trunk/UART_HS_mod.vhd sub00/vhpl12 1427385501
PH crc_pack NULL /home/sduvvuri/fpgaSVN/FPGA/lib/CRC/trunk/rtl/crc_pack.vhd sub00/vhpl08 1427385476
AR register_access behavioral /home/sduvvuri/fpgaSVN/FPGA/lib/register/trunk/register_access.vhd sub00/vhpl34 1427377119
EN ndlcom_wrapper NULL /home/sduvvuri/fpgaSVN/FPGA/designs/NDLCom/examples/basic/trunk/NDLCom_wrapper.vhd sub00/vhpl29 1427385510
AR crc_par_mod behavioral /home/sduvvuri/fpgaSVN/FPGA/lib/CRC/trunk/rtl/crc_par_mod.vhd sub00/vhpl15 1427385504
EN insystemprogramming NULL /home/sduvvuri/fpgaSVN/FPGA/lib/InSystemProgramming/trunk/InSystemProgramming.vhd sub00/vhpl35 1427377120
AR uart_hs_mod behaviour /home/sduvvuri/fpgaSVN/FPGA/lib/NDLCom/trunk/UART_HS_mod.vhd sub00/vhpl13 1427385502
AR ndlcom behavioral /home/sduvvuri/fpgaSVN/FPGA/lib/NDLCom/trunk/NDLCom.vhd sub00/vhpl21 1427385509
PH register_pack NULL /home/sduvvuri/fpgaSVN/FPGA/lib/register/trunk/register_pack.vhd sub00/vhpl27 1427385506
PH dfki_pack NULL /home/sduvvuri/fpgaSVN/FPGA/lib/DFKI_Pack/trunk/dfki_pack.vhd sub00/vhpl10 1427385478
PH ndlcom_config NULL /home/sduvvuri/fpgaSVN/FPGA/lib/NDLCom/trunk/NDLCom_config.vhd sub00/vhpl07 1427385475
EN ndlcom_controller NULL /home/sduvvuri/thesis.git/NDLCOM_ECHO/NDLCOM_CONTROLLER.vhd sub00/vhpl41 1426257178
PH date NULL /home/sduvvuri/fpgaSVN/FPGA/designs/NDLCom/examples/basic/trunk/date.vhd sub00/vhpl22 1427377111
EN fifo NULL /home/sduvvuri/fpgaSVN/FPGA/lib/Comm_Async_Serial_HS/trunk/utils/fifo.vhd sub00/vhpl00 1427385492
AR bram_dp_simple behavioral /home/sduvvuri/fpgaSVN/FPGA/lib/MEM_Controller/BRAM/trunk/rtl/bram_dp_simple.vhd sub00/vhpl04 1427385498
EN device_reconf_spartan6 NULL /home/sduvvuri/fpgaSVN/FPGA/lib/device_reconf/trunk/device_reconf_spartan6.vhd sub00/vhpl23 1426170863
