V3 90
FL /home/sduvvuri/Documents/istruct/dev/lib/representations/vhdl/Representations.vhd 2015/03/12.10:52:43 P.20131013
PH work/representations 1427385496 \
      FL /home/sduvvuri/Documents/istruct/dev/lib/representations/vhdl/Representations.vhd \
      PB ieee/std_logic_1164 1381692176
FL /home/sduvvuri/Documents/istruct/dev/lib/RobotConfig/vhdl/CommonConfig/DeviceClasses.vhd 2015/03/12.10:54:03 P.20131013
PH work/deviceclasses 1427385495 \
      FL /home/sduvvuri/Documents/istruct/dev/lib/RobotConfig/vhdl/CommonConfig/DeviceClasses.vhd \
      PB ieee/std_logic_1164 1381692176 PH work/register_types 1427385474
FL /home/sduvvuri/Documents/istruct/dev/lib/RobotConfig/vhdl/CommonConfig/Devices.vhd 2015/03/12.10:54:02 P.20131013
PH work/devices 1427385494 \
      FL /home/sduvvuri/Documents/istruct/dev/lib/RobotConfig/vhdl/CommonConfig/Devices.vhd \
      PB ieee/std_logic_1164 1381692176 PH work/register_types 1427385474
FL /home/sduvvuri/fpgaSVN/FPGA/designs/iStruct/external/DeviceClasses.vhd 2015/02/25.13:51:04 P.20131013
FL /home/sduvvuri/fpgaSVN/FPGA/designs/iStruct/external/Devices.vhd 2015/02/25.13:51:04 P.20131013
FL /home/sduvvuri/fpgaSVN/FPGA/designs/iStruct/external/Representations.vhd 2015/02/25.13:51:04 P.20131013
FL /home/sduvvuri/fpgaSVN/FPGA/designs/NDLCom/examples/basic/trunk/config.vhd 2015/02/25.13:51:36 P.20131013
PH work/config 1427385505 \
      FL /home/sduvvuri/fpgaSVN/FPGA/designs/NDLCom/examples/basic/trunk/config.vhd \
      PB ieee/std_logic_1164 1381692176 PH work/devices 1427385494 \
      PH work/deviceclasses 1427385495 PH work/representations 1427385496 \
      PH work/register_types 1427385474
FL /home/sduvvuri/fpgaSVN/FPGA/designs/NDLCom/examples/basic/trunk/date.vhd 2015/02/25.13:51:36 P.20131013
PH work/date 1427377111 \
      FL /home/sduvvuri/fpgaSVN/FPGA/designs/NDLCom/examples/basic/trunk/date.vhd \
      PB ieee/std_logic_1164 1381692176
FL /home/sduvvuri/fpgaSVN/FPGA/designs/NDLCom/examples/basic/trunk/NDLComBasicExample.vhd 2015/03/12.15:35:28 P.20131013
EN work/NDLComBasicExample 1427377122 \
      FL /home/sduvvuri/fpgaSVN/FPGA/designs/NDLCom/examples/basic/trunk/NDLComBasicExample.vhd \
      PB ieee/std_logic_1164 1381692176 PB ieee/NUMERIC_STD 1381692181 \
      PH work/config 1427385505 PH work/date 1427377111 PH work/register_types 1427385474 \
      PB work/register_pack 1427385507 PH work/deviceclasses 1427385495
AR work/NDLComBasicExample/Behavioral 1427377123 \
      FL /home/sduvvuri/fpgaSVN/FPGA/designs/NDLCom/examples/basic/trunk/NDLComBasicExample.vhd \
      EN work/NDLComBasicExample 1427377122 AR work/rtc_mod/Behavioral 1427377113 \
      CP work/NDLCom_wrapper AR work/simple_spiprom_interface/Behavioral 1427377117 \
      CP work/register_access CP work/InSystemProgramming
FL /home/sduvvuri/fpgaSVN/FPGA/designs/NDLCom/examples/basic/trunk/NDLCom_wrapper.vhd 2015/03/26.15:49:38 P.20131013
EN work/NDLCom_wrapper 1427385510 \
      FL /home/sduvvuri/fpgaSVN/FPGA/designs/NDLCom/examples/basic/trunk/NDLCom_wrapper.vhd \
      PB ieee/std_logic_1164 1381692176 PB ieee/NUMERIC_STD 1381692181 \
      PH work/config 1427385505 PH work/NDLCom_config 1427385475 PB work/dfki_pack 1427385479 \
      PH work/representations 1427385496 PH work/devices 1427385494 \
      PH work/register_types 1427385474 PB work/register_pack 1427385507
AR work/NDLCom_wrapper/Behavioral 1427385511 \
      FL /home/sduvvuri/fpgaSVN/FPGA/designs/NDLCom/examples/basic/trunk/NDLCom_wrapper.vhd \
      EN work/NDLCom_wrapper 1427385510 AR work/NDLCom/Behavioral 1427385509 \
      CP work/bram_dp_simple
FL /home/sduvvuri/fpgaSVN/FPGA/lib/Comm_Async_Serial_HS/trunk/utils/fifo.vhd 2014/11/07.12:33:28 P.20131013
EN work/fifo 1427385492 \
      FL /home/sduvvuri/fpgaSVN/FPGA/lib/Comm_Async_Serial_HS/trunk/utils/fifo.vhd \
      PB ieee/std_logic_1164 1381692176
AR work/fifo/fifo_a 1427385493 \
      FL /home/sduvvuri/fpgaSVN/FPGA/lib/Comm_Async_Serial_HS/trunk/utils/fifo.vhd \
      EN work/fifo 1427385492
FL /home/sduvvuri/fpgaSVN/FPGA/lib/CRC/trunk/rtl/crc_pack.vhd 2014/11/07.12:33:19 P.20131013
PH work/crc_pack 1427385476 \
      FL /home/sduvvuri/fpgaSVN/FPGA/lib/CRC/trunk/rtl/crc_pack.vhd \
      PB ieee/std_logic_1164 1381692176 PB ieee/NUMERIC_STD 1381692181
PB work/crc_pack 1427385477 \
      FL /home/sduvvuri/fpgaSVN/FPGA/lib/CRC/trunk/rtl/crc_pack.vhd \
      PH work/crc_pack 1427385476
FL /home/sduvvuri/fpgaSVN/FPGA/lib/CRC/trunk/rtl/crc_par_mod.vhd 2014/11/07.12:33:19 P.20131013
EN work/crc_par_mod 1427385503 \
      FL /home/sduvvuri/fpgaSVN/FPGA/lib/CRC/trunk/rtl/crc_par_mod.vhd \
      PB ieee/std_logic_1164 1381692176
AR work/crc_par_mod/Behavioral 1427385504 \
      FL /home/sduvvuri/fpgaSVN/FPGA/lib/CRC/trunk/rtl/crc_par_mod.vhd \
      EN work/crc_par_mod 1427385503
FL /home/sduvvuri/fpgaSVN/FPGA/lib/device_reconf/trunk/device_reconf_spartan6.vhd 2014/11/07.12:33:17 P.20131013
EN work/device_reconf_spartan6 1426170863 \
      FL /home/sduvvuri/fpgaSVN/FPGA/lib/device_reconf/trunk/device_reconf_spartan6.vhd \
      PB ieee/std_logic_1164 1381692176 LB UNISIM PH unisim/VCOMPONENTS 1381692182
AR work/device_reconf_spartan6/Behavioral 1426170864 \
      FL /home/sduvvuri/fpgaSVN/FPGA/lib/device_reconf/trunk/device_reconf_spartan6.vhd \
      EN work/device_reconf_spartan6 1426170863 CP ICAP_SPARTAN6
FL /home/sduvvuri/fpgaSVN/FPGA/lib/DFKI_Pack/trunk/dfki_pack.vhd 2015/02/25.13:51:40 P.20131013
PH work/dfki_pack 1427385478 \
      FL /home/sduvvuri/fpgaSVN/FPGA/lib/DFKI_Pack/trunk/dfki_pack.vhd \
      PB ieee/std_logic_1164 1381692176 PB ieee/NUMERIC_STD 1381692181 \
      PB ieee/MATH_REAL 1381692182
PB work/dfki_pack 1427385479 \
      FL /home/sduvvuri/fpgaSVN/FPGA/lib/DFKI_Pack/trunk/dfki_pack.vhd \
      PH work/dfki_pack 1427385478
FL /home/sduvvuri/fpgaSVN/FPGA/lib/InSystemProgramming/trunk/InSystemProgramming.vhd 2015/02/25.13:51:39 P.20131013
EN work/InSystemProgramming 1427377120 \
      FL /home/sduvvuri/fpgaSVN/FPGA/lib/InSystemProgramming/trunk/InSystemProgramming.vhd \
      PB ieee/std_logic_1164 1381692176 PB ieee/NUMERIC_STD 1381692181
AR work/InSystemProgramming/Behavioral 1427377121 \
      FL /home/sduvvuri/fpgaSVN/FPGA/lib/InSystemProgramming/trunk/InSystemProgramming.vhd \
      EN work/InSystemProgramming 1427377120
FL /home/sduvvuri/fpgaSVN/FPGA/lib/MEM_Controller/BRAM/trunk/rtl/bram_dp_simple.vhd 2014/11/07.12:33:35 P.20131013
EN work/bram_dp_simple 1427385497 \
      FL /home/sduvvuri/fpgaSVN/FPGA/lib/MEM_Controller/BRAM/trunk/rtl/bram_dp_simple.vhd \
      PB ieee/std_logic_1164 1381692176 PB ieee/NUMERIC_STD 1381692181
AR work/bram_dp_simple/behavioral 1427385498 \
      FL /home/sduvvuri/fpgaSVN/FPGA/lib/MEM_Controller/BRAM/trunk/rtl/bram_dp_simple.vhd \
      EN work/bram_dp_simple 1427385497
FL /home/sduvvuri/fpgaSVN/FPGA/lib/NDLCom/trunk/NDLCom.vhd 2015/03/24.14:49:24 P.20131013
EN work/NDLCom 1427385508 \
      FL /home/sduvvuri/fpgaSVN/FPGA/lib/NDLCom/trunk/NDLCom.vhd \
      PB ieee/std_logic_1164 1381692176 PB ieee/std_logic_arith 1381692177 \
      PB ieee/STD_LOGIC_UNSIGNED 1381692179 PH work/NDLCom_config 1427385475 \
      PB work/crc_pack 1427385477
AR work/NDLCom/Behavioral 1427385509 \
      FL /home/sduvvuri/fpgaSVN/FPGA/lib/NDLCom/trunk/NDLCom.vhd EN work/NDLCom 1427385508 \
      CP work/bram_dp_simple AR work/UART_mod/Behavioral 1427385500 \
      CP work/uart_hs_mod AR work/crc_par_mod/Behavioral 1427385504
FL /home/sduvvuri/fpgaSVN/FPGA/lib/NDLCom/trunk/NDLCom_config.vhd 2015/03/18.16:28:21 P.20131013
PH work/NDLCom_config 1427385475 \
      FL /home/sduvvuri/fpgaSVN/FPGA/lib/NDLCom/trunk/NDLCom_config.vhd \
      PB ieee/std_logic_1164 1381692176
FL /home/sduvvuri/fpgaSVN/FPGA/lib/NDLCom/trunk/UART_HS_mod.vhd 2015/03/11.13:46:06 P.20131013
EN work/uart_hs_mod 1427385501 \
      FL /home/sduvvuri/fpgaSVN/FPGA/lib/NDLCom/trunk/UART_HS_mod.vhd \
      PB ieee/std_logic_1164 1381692176 PB ieee/NUMERIC_STD 1381692181 \
      PB ieee/STD_LOGIC_TEXTIO 1381692180 PH work/NDLCom_config 1427385475 \
      PB work/crc_pack 1427385477 PB work/dfki_pack 1427385479 LB std PB std/TEXTIO 1381692176 \
      LB decode_8b10b LB zynq LB spartan6
AR work/uart_hs_mod/behaviour 1427385502 \
      FL /home/sduvvuri/fpgaSVN/FPGA/lib/NDLCom/trunk/UART_HS_mod.vhd \
      EN work/uart_hs_mod 1427385501 CP zynq/basic_clk_reset_mod \
      CP zynq/asynch_sercomm_tx_top CP zynq/asynch_sercomm_rx_top \
      CP spartan6/basic_clk_reset_mod CP spartan6/asynch_sercomm_rx_top \
      CP spartan6/asynch_sercomm_tx_top PB Zynq/asynch_sercomm_config_pack 1427385467 \
      PB Spartan6/asynch_sercomm_config_pack 1427385457 CP work/fifo
FL /home/sduvvuri/fpgaSVN/FPGA/lib/NDLCom/trunk/UART_mod.vhd 2014/11/07.12:33:19 P.20131013
EN work/UART_mod 1427385499 \
      FL /home/sduvvuri/fpgaSVN/FPGA/lib/NDLCom/trunk/UART_mod.vhd \
      PB ieee/std_logic_1164 1381692176 PB ieee/std_logic_arith 1381692177 \
      PB ieee/STD_LOGIC_UNSIGNED 1381692179
AR work/UART_mod/Behavioral 1427385500 \
      FL /home/sduvvuri/fpgaSVN/FPGA/lib/NDLCom/trunk/UART_mod.vhd \
      EN work/UART_mod 1427385499
FL /home/sduvvuri/fpgaSVN/FPGA/lib/register/trunk/register_access.vhd 2015/02/25.13:51:38 P.20131013
EN work/register_access 1427377118 \
      FL /home/sduvvuri/fpgaSVN/FPGA/lib/register/trunk/register_access.vhd \
      PB ieee/std_logic_1164 1381692176 PB ieee/NUMERIC_STD 1381692181 \
      PH work/config 1427385505 PH work/register_types 1427385474 \
      PB work/register_pack 1427385507 PH work/devices 1427385494
AR work/register_access/Behavioral 1427377119 \
      FL /home/sduvvuri/fpgaSVN/FPGA/lib/register/trunk/register_access.vhd \
      EN work/register_access 1427377118
FL /home/sduvvuri/fpgaSVN/FPGA/lib/register/trunk/register_pack.vhd 2015/03/12.14:53:25 P.20131013
PH work/register_pack 1427385506 \
      FL /home/sduvvuri/fpgaSVN/FPGA/lib/register/trunk/register_pack.vhd \
      PB ieee/std_logic_1164 1381692176 PB ieee/NUMERIC_STD 1381692181 \
      PH work/register_types 1427385474 PH work/config 1427385505 PH work/devices 1427385494 \
      PH work/deviceclasses 1427385495
PB work/register_pack 1427385507 \
      FL /home/sduvvuri/fpgaSVN/FPGA/lib/register/trunk/register_pack.vhd \
      PH work/register_pack 1427385506
FL /home/sduvvuri/fpgaSVN/FPGA/lib/register/trunk/register_types.vhd 2014/11/07.12:33:29 P.20131013
PH work/register_types 1427385474 \
      FL /home/sduvvuri/fpgaSVN/FPGA/lib/register/trunk/register_types.vhd \
      PB ieee/std_logic_1164 1381692176
FL /home/sduvvuri/fpgaSVN/FPGA/lib/rtc_mod/trunk/rtc_mod.vhd 2014/11/07.12:33:13 P.20131013
EN work/rtc_mod 1427377112 \
      FL /home/sduvvuri/fpgaSVN/FPGA/lib/rtc_mod/trunk/rtc_mod.vhd \
      PB ieee/std_logic_1164 1381692176 PB ieee/std_logic_arith 1381692177 \
      PB ieee/STD_LOGIC_UNSIGNED 1381692179
AR work/rtc_mod/Behavioral 1427377113 \
      FL /home/sduvvuri/fpgaSVN/FPGA/lib/rtc_mod/trunk/rtc_mod.vhd \
      EN work/rtc_mod 1427377112
FL /home/sduvvuri/fpgaSVN/FPGA/lib/spi_prom/trunk/simple_spiprom_interface.vhd 2015/02/25.13:51:38 P.20131013
EN work/simple_spiprom_interface 1427377116 \
      FL /home/sduvvuri/fpgaSVN/FPGA/lib/spi_prom/trunk/simple_spiprom_interface.vhd \
      PB ieee/std_logic_1164 1381692176 PB ieee/NUMERIC_STD 1381692181
AR work/simple_spiprom_interface/Behavioral 1427377117 \
      FL /home/sduvvuri/fpgaSVN/FPGA/lib/spi_prom/trunk/simple_spiprom_interface.vhd \
      EN work/simple_spiprom_interface 1427377116 CP work/bram_dp_simple
FL /home/sduvvuri/thesis.git/NDLCOM_ECHO/NDLCOM_CONTROLLER.vhd 2015/03/13.14:54:23 P.20131013
EN work/NDLCOM_CONTROLLER 1426257178 \
      FL /home/sduvvuri/thesis.git/NDLCOM_ECHO/NDLCOM_CONTROLLER.vhd \
      PB ieee/std_logic_1164 1381692176
AR work/NDLCOM_CONTROLLER/Behavioral 1426257179 \
      FL /home/sduvvuri/thesis.git/NDLCOM_ECHO/NDLCOM_CONTROLLER.vhd \
      EN work/NDLCOM_CONTROLLER 1426257178
FL /home/sduvvuri/thesis.git/NDLCOM_ECHO/NDLCOM_ECHO_TOP.vhd 2015/03/26.14:37:09 P.20131013
EN work/NDLCOM_ECHO_TOP 1427377124 \
      FL /home/sduvvuri/thesis.git/NDLCOM_ECHO/NDLCOM_ECHO_TOP.vhd \
      PB ieee/std_logic_1164 1381692176
AR work/NDLCOM_ECHO_TOP/Behavioral 1427377125 \
      FL /home/sduvvuri/thesis.git/NDLCOM_ECHO/NDLCOM_ECHO_TOP.vhd \
      EN work/NDLCOM_ECHO_TOP 1427377124 CP NDLComBasicExample
