V3 90
FL /home/sduvvuri/Documents/istruct/dev/lib/representations/vhdl/Representations.vhd 2015/03/12.10:52:43 P.20131013
PH work/representations 1426265108 \
      FL /home/sduvvuri/Documents/istruct/dev/lib/representations/vhdl/Representations.vhd \
      PB ieee/std_logic_1164 1381692176
FL /home/sduvvuri/Documents/istruct/dev/lib/RobotConfig/vhdl/CommonConfig/DeviceClasses.vhd 2015/03/12.10:54:03 P.20131013
PH work/deviceclasses 1426265107 \
      FL /home/sduvvuri/Documents/istruct/dev/lib/RobotConfig/vhdl/CommonConfig/DeviceClasses.vhd \
      PB ieee/std_logic_1164 1381692176 PH work/register_types 1426265085
FL /home/sduvvuri/Documents/istruct/dev/lib/RobotConfig/vhdl/CommonConfig/Devices.vhd 2015/03/12.10:54:02 P.20131013
PH work/devices 1426265106 \
      FL /home/sduvvuri/Documents/istruct/dev/lib/RobotConfig/vhdl/CommonConfig/Devices.vhd \
      PB ieee/std_logic_1164 1381692176 PH work/register_types 1426265085
FL /home/sduvvuri/fpgaSVN/FPGA/designs/iStruct/external/DeviceClasses.vhd 2015/02/25.13:51:04 P.20131013
FL /home/sduvvuri/fpgaSVN/FPGA/designs/iStruct/external/Devices.vhd 2015/02/25.13:51:04 P.20131013
FL /home/sduvvuri/fpgaSVN/FPGA/designs/iStruct/external/Representations.vhd 2015/02/25.13:51:04 P.20131013
FL /home/sduvvuri/fpgaSVN/FPGA/designs/NDLCom/examples/basic/trunk/config.vhd 2015/02/25.13:51:36 P.20131013
PH work/config 1426265128 \
      FL /home/sduvvuri/fpgaSVN/FPGA/designs/NDLCom/examples/basic/trunk/config.vhd \
      PB ieee/std_logic_1164 1381692176 PH work/devices 1426265106 \
      PH work/deviceclasses 1426265107 PH work/representations 1426265108 \
      PH work/register_types 1426265085
FL /home/sduvvuri/fpgaSVN/FPGA/designs/NDLCom/examples/basic/trunk/date.vhd 2015/02/25.13:51:36 P.20131013
PH work/date 1426265141 \
      FL /home/sduvvuri/fpgaSVN/FPGA/designs/NDLCom/examples/basic/trunk/date.vhd \
      PB ieee/std_logic_1164 1381692176
FL /home/sduvvuri/fpgaSVN/FPGA/designs/NDLCom/examples/basic/trunk/NDLComBasicExample.vhd 2015/03/12.15:35:28 P.20131013
EN work/NDLComBasicExample 1426265152 \
      FL /home/sduvvuri/fpgaSVN/FPGA/designs/NDLCom/examples/basic/trunk/NDLComBasicExample.vhd \
      PB ieee/std_logic_1164 1381692176 PB ieee/NUMERIC_STD 1381692181 \
      PH work/config 1426265128 PH work/date 1426265141 PH work/register_types 1426265085 \
      PB work/register_pack 1426265138 PH work/deviceclasses 1426265107
AR work/NDLComBasicExample/Behavioral 1426265153 \
      FL /home/sduvvuri/fpgaSVN/FPGA/designs/NDLCom/examples/basic/trunk/NDLComBasicExample.vhd \
      EN work/NDLComBasicExample 1426265152 AR work/rtc_mod/Behavioral 1426265143 \
      CP work/NDLCom_wrapper AR work/simple_spiprom_interface/Behavioral 1426265147 \
      CP work/register_access CP work/InSystemProgramming
FL /home/sduvvuri/fpgaSVN/FPGA/designs/NDLCom/examples/basic/trunk/NDLCom_wrapper.vhd 2015/03/12.16:52:39 P.20131013
EN work/NDLCom_wrapper 1426265144 \
      FL /home/sduvvuri/fpgaSVN/FPGA/designs/NDLCom/examples/basic/trunk/NDLCom_wrapper.vhd \
      PB ieee/std_logic_1164 1381692176 PB ieee/NUMERIC_STD 1381692181 \
      PH work/config 1426265128 PH work/NDLCom_config 1426265109 PB work/dfki_pack 1426265113 \
      PH work/representations 1426265108 PH work/devices 1426265106 \
      PH work/register_types 1426265085 PB work/register_pack 1426265138
AR work/NDLCom_wrapper/Behavioral 1426265145 \
      FL /home/sduvvuri/fpgaSVN/FPGA/designs/NDLCom/examples/basic/trunk/NDLCom_wrapper.vhd \
      EN work/NDLCom_wrapper 1426265144 AR work/NDLCom/Behavioral 1426265140 \
      CP work/bram_dp_simple
FL /home/sduvvuri/fpgaSVN/FPGA/lib/Comm_Async_Serial_HS/trunk/utils/fifo.vhd 2014/11/07.12:33:28 P.20131013
EN work/fifo 1426265126 \
      FL /home/sduvvuri/fpgaSVN/FPGA/lib/Comm_Async_Serial_HS/trunk/utils/fifo.vhd \
      PB ieee/std_logic_1164 1381692176
AR work/fifo/fifo_a 1426265127 \
      FL /home/sduvvuri/fpgaSVN/FPGA/lib/Comm_Async_Serial_HS/trunk/utils/fifo.vhd \
      EN work/fifo 1426265126
FL /home/sduvvuri/fpgaSVN/FPGA/lib/CRC/trunk/rtl/crc_pack.vhd 2014/11/07.12:33:19 P.20131013
PH work/crc_pack 1426265110 \
      FL /home/sduvvuri/fpgaSVN/FPGA/lib/CRC/trunk/rtl/crc_pack.vhd \
      PB ieee/std_logic_1164 1381692176 PB ieee/NUMERIC_STD 1381692181
PB work/crc_pack 1426265111 \
      FL /home/sduvvuri/fpgaSVN/FPGA/lib/CRC/trunk/rtl/crc_pack.vhd \
      PH work/crc_pack 1426265110
FL /home/sduvvuri/fpgaSVN/FPGA/lib/CRC/trunk/rtl/crc_par_mod.vhd 2014/11/07.12:33:19 P.20131013
EN work/crc_par_mod 1426265135 \
      FL /home/sduvvuri/fpgaSVN/FPGA/lib/CRC/trunk/rtl/crc_par_mod.vhd \
      PB ieee/std_logic_1164 1381692176
AR work/crc_par_mod/Behavioral 1426265136 \
      FL /home/sduvvuri/fpgaSVN/FPGA/lib/CRC/trunk/rtl/crc_par_mod.vhd \
      EN work/crc_par_mod 1426265135
FL /home/sduvvuri/fpgaSVN/FPGA/lib/device_reconf/trunk/device_reconf_spartan6.vhd 2014/11/07.12:33:17 P.20131013
EN work/device_reconf_spartan6 1426170863 \
      FL /home/sduvvuri/fpgaSVN/FPGA/lib/device_reconf/trunk/device_reconf_spartan6.vhd \
      PB ieee/std_logic_1164 1381692176 LB UNISIM PH unisim/VCOMPONENTS 1381692182
AR work/device_reconf_spartan6/Behavioral 1426170864 \
      FL /home/sduvvuri/fpgaSVN/FPGA/lib/device_reconf/trunk/device_reconf_spartan6.vhd \
      EN work/device_reconf_spartan6 1426170863 CP ICAP_SPARTAN6
FL /home/sduvvuri/fpgaSVN/FPGA/lib/DFKI_Pack/trunk/dfki_pack.vhd 2015/02/25.13:51:40 P.20131013
PH work/dfki_pack 1426265112 \
      FL /home/sduvvuri/fpgaSVN/FPGA/lib/DFKI_Pack/trunk/dfki_pack.vhd \
      PB ieee/std_logic_1164 1381692176 PB ieee/NUMERIC_STD 1381692181 \
      PB ieee/MATH_REAL 1381692182
PB work/dfki_pack 1426265113 \
      FL /home/sduvvuri/fpgaSVN/FPGA/lib/DFKI_Pack/trunk/dfki_pack.vhd \
      PH work/dfki_pack 1426265112
FL /home/sduvvuri/fpgaSVN/FPGA/lib/InSystemProgramming/trunk/InSystemProgramming.vhd 2015/02/25.13:51:39 P.20131013
EN work/InSystemProgramming 1426265150 \
      FL /home/sduvvuri/fpgaSVN/FPGA/lib/InSystemProgramming/trunk/InSystemProgramming.vhd \
      PB ieee/std_logic_1164 1381692176 PB ieee/NUMERIC_STD 1381692181
AR work/InSystemProgramming/Behavioral 1426265151 \
      FL /home/sduvvuri/fpgaSVN/FPGA/lib/InSystemProgramming/trunk/InSystemProgramming.vhd \
      EN work/InSystemProgramming 1426265150
FL /home/sduvvuri/fpgaSVN/FPGA/lib/MEM_Controller/BRAM/trunk/rtl/bram_dp_simple.vhd 2014/11/07.12:33:35 P.20131013
EN work/bram_dp_simple 1426265129 \
      FL /home/sduvvuri/fpgaSVN/FPGA/lib/MEM_Controller/BRAM/trunk/rtl/bram_dp_simple.vhd \
      PB ieee/std_logic_1164 1381692176 PB ieee/NUMERIC_STD 1381692181
AR work/bram_dp_simple/behavioral 1426265130 \
      FL /home/sduvvuri/fpgaSVN/FPGA/lib/MEM_Controller/BRAM/trunk/rtl/bram_dp_simple.vhd \
      EN work/bram_dp_simple 1426265129
FL /home/sduvvuri/fpgaSVN/FPGA/lib/NDLCom/trunk/NDLCom.vhd 2015/02/25.13:51:41 P.20131013
EN work/NDLCom 1426265139 \
      FL /home/sduvvuri/fpgaSVN/FPGA/lib/NDLCom/trunk/NDLCom.vhd \
      PB ieee/std_logic_1164 1381692176 PB ieee/std_logic_arith 1381692177 \
      PB ieee/STD_LOGIC_UNSIGNED 1381692179 PH work/NDLCom_config 1426265109 \
      PB work/crc_pack 1426265111
AR work/NDLCom/Behavioral 1426265140 \
      FL /home/sduvvuri/fpgaSVN/FPGA/lib/NDLCom/trunk/NDLCom.vhd EN work/NDLCom 1426265139 \
      CP work/bram_dp_simple AR work/UART_mod/Behavioral 1426265132 \
      CP work/uart_hs_mod AR work/crc_par_mod/Behavioral 1426265136
FL /home/sduvvuri/fpgaSVN/FPGA/lib/NDLCom/trunk/NDLCom_config.vhd 2015/02/25.13:51:41 P.20131013
PH work/NDLCom_config 1426265109 \
      FL /home/sduvvuri/fpgaSVN/FPGA/lib/NDLCom/trunk/NDLCom_config.vhd \
      PB ieee/std_logic_1164 1381692176
FL /home/sduvvuri/fpgaSVN/FPGA/lib/NDLCom/trunk/UART_HS_mod.vhd 2015/03/11.13:46:06 P.20131013
EN work/uart_hs_mod 1426265133 \
      FL /home/sduvvuri/fpgaSVN/FPGA/lib/NDLCom/trunk/UART_HS_mod.vhd \
      PB ieee/std_logic_1164 1381692176 PB ieee/NUMERIC_STD 1381692181 \
      PB ieee/STD_LOGIC_TEXTIO 1381692180 PH work/NDLCom_config 1426265109 \
      PB work/crc_pack 1426265111 PB work/dfki_pack 1426265113 LB std PB std/TEXTIO 1381692176 \
      LB decode_8b10b LB zynq LB spartan6
AR work/uart_hs_mod/behaviour 1426265134 \
      FL /home/sduvvuri/fpgaSVN/FPGA/lib/NDLCom/trunk/UART_HS_mod.vhd \
      EN work/uart_hs_mod 1426265133 CP zynq/basic_clk_reset_mod \
      CP zynq/asynch_sercomm_tx_top CP zynq/asynch_sercomm_rx_top \
      CP spartan6/basic_clk_reset_mod CP spartan6/asynch_sercomm_rx_top \
      CP spartan6/asynch_sercomm_tx_top PB Zynq/asynch_sercomm_config_pack 1426265099 \
      PB Spartan6/asynch_sercomm_config_pack 1426265089 CP work/fifo
FL /home/sduvvuri/fpgaSVN/FPGA/lib/NDLCom/trunk/UART_mod.vhd 2014/11/07.12:33:19 P.20131013
EN work/UART_mod 1426265131 \
      FL /home/sduvvuri/fpgaSVN/FPGA/lib/NDLCom/trunk/UART_mod.vhd \
      PB ieee/std_logic_1164 1381692176 PB ieee/std_logic_arith 1381692177 \
      PB ieee/STD_LOGIC_UNSIGNED 1381692179
AR work/UART_mod/Behavioral 1426265132 \
      FL /home/sduvvuri/fpgaSVN/FPGA/lib/NDLCom/trunk/UART_mod.vhd \
      EN work/UART_mod 1426265131
FL /home/sduvvuri/fpgaSVN/FPGA/lib/register/trunk/register_access.vhd 2015/02/25.13:51:38 P.20131013
EN work/register_access 1426265148 \
      FL /home/sduvvuri/fpgaSVN/FPGA/lib/register/trunk/register_access.vhd \
      PB ieee/std_logic_1164 1381692176 PB ieee/NUMERIC_STD 1381692181 \
      PH work/config 1426265128 PH work/register_types 1426265085 \
      PB work/register_pack 1426265138 PH work/devices 1426265106
AR work/register_access/Behavioral 1426265149 \
      FL /home/sduvvuri/fpgaSVN/FPGA/lib/register/trunk/register_access.vhd \
      EN work/register_access 1426265148
FL /home/sduvvuri/fpgaSVN/FPGA/lib/register/trunk/register_pack.vhd 2015/03/12.14:53:25 P.20131013
PH work/register_pack 1426265137 \
      FL /home/sduvvuri/fpgaSVN/FPGA/lib/register/trunk/register_pack.vhd \
      PB ieee/std_logic_1164 1381692176 PB ieee/NUMERIC_STD 1381692181 \
      PH work/register_types 1426265085 PH work/config 1426265128 PH work/devices 1426265106 \
      PH work/deviceclasses 1426265107
PB work/register_pack 1426265138 \
      FL /home/sduvvuri/fpgaSVN/FPGA/lib/register/trunk/register_pack.vhd \
      PH work/register_pack 1426265137
FL /home/sduvvuri/fpgaSVN/FPGA/lib/register/trunk/register_types.vhd 2014/11/07.12:33:29 P.20131013
PH work/register_types 1426265085 \
      FL /home/sduvvuri/fpgaSVN/FPGA/lib/register/trunk/register_types.vhd \
      PB ieee/std_logic_1164 1381692176
FL /home/sduvvuri/fpgaSVN/FPGA/lib/rtc_mod/trunk/rtc_mod.vhd 2014/11/07.12:33:13 P.20131013
EN work/rtc_mod 1426265142 \
      FL /home/sduvvuri/fpgaSVN/FPGA/lib/rtc_mod/trunk/rtc_mod.vhd \
      PB ieee/std_logic_1164 1381692176 PB ieee/std_logic_arith 1381692177 \
      PB ieee/STD_LOGIC_UNSIGNED 1381692179
AR work/rtc_mod/Behavioral 1426265143 \
      FL /home/sduvvuri/fpgaSVN/FPGA/lib/rtc_mod/trunk/rtc_mod.vhd \
      EN work/rtc_mod 1426265142
FL /home/sduvvuri/fpgaSVN/FPGA/lib/spi_prom/trunk/simple_spiprom_interface.vhd 2015/02/25.13:51:38 P.20131013
EN work/simple_spiprom_interface 1426265146 \
      FL /home/sduvvuri/fpgaSVN/FPGA/lib/spi_prom/trunk/simple_spiprom_interface.vhd \
      PB ieee/std_logic_1164 1381692176 PB ieee/NUMERIC_STD 1381692181
AR work/simple_spiprom_interface/Behavioral 1426265147 \
      FL /home/sduvvuri/fpgaSVN/FPGA/lib/spi_prom/trunk/simple_spiprom_interface.vhd \
      EN work/simple_spiprom_interface 1426265146 CP work/bram_dp_simple
FL /home/sduvvuri/thesis.git/NDLCOM_ECHO/NDLCOM_CONTROLLER.vhd 2015/03/13.14:54:23 P.20131013
EN work/NDLCOM_CONTROLLER 1426257178 \
      FL /home/sduvvuri/thesis.git/NDLCOM_ECHO/NDLCOM_CONTROLLER.vhd \
      PB ieee/std_logic_1164 1381692176
AR work/NDLCOM_CONTROLLER/Behavioral 1426257179 \
      FL /home/sduvvuri/thesis.git/NDLCOM_ECHO/NDLCOM_CONTROLLER.vhd \
      EN work/NDLCOM_CONTROLLER 1426257178
FL /home/sduvvuri/thesis.git/NDLCOM_ECHO/NDLCOM_ECHO_TOP.vhd 2015/03/13.17:44:09 P.20131013
EN work/NDLCOM_ECHO_TOP 1426265154 \
      FL /home/sduvvuri/thesis.git/NDLCOM_ECHO/NDLCOM_ECHO_TOP.vhd \
      PB ieee/std_logic_1164 1381692176
AR work/NDLCOM_ECHO_TOP/Behavioral 1426265155 \
      FL /home/sduvvuri/thesis.git/NDLCOM_ECHO/NDLCOM_ECHO_TOP.vhd \
      EN work/NDLCOM_ECHO_TOP 1426265154 CP NDLComBasicExample
