EN encode_8b10b_bram NULL /home/sduvvuri/thesis.git/NDLCOM_Routing/New_NDLCOM_Routing/../../../fpgaSVN/FPGA/lib/Comm_Async_Serial_HS/trunk/encode_8b10b/encode_8b10b_bram.vhd sub00/vhpl06 1429800234
AR encode_8b10b_lut xilinx /home/sduvvuri/thesis.git/NDLCOM_Routing/New_NDLCOM_Routing/../../../fpgaSVN/FPGA/lib/Comm_Async_Serial_HS/trunk/encode_8b10b/encode_8b10b_lut.vhd sub00/vhpl05 1429800233
AR encode_8b10b_bram xilinx /home/sduvvuri/thesis.git/NDLCOM_Routing/New_NDLCOM_Routing/../../../fpgaSVN/FPGA/lib/Comm_Async_Serial_HS/trunk/encode_8b10b/encode_8b10b_bram.vhd sub00/vhpl07 1429800235
EN encode_8b10b_rtl NULL /home/sduvvuri/thesis.git/NDLCOM_Routing/New_NDLCOM_Routing/../../../fpgaSVN/FPGA/lib/Comm_Async_Serial_HS/trunk/encode_8b10b/encode_8b10b_rtl.vhd sub00/vhpl08 1429800240
EN encode_8b10b_top NULL /home/sduvvuri/thesis.git/NDLCOM_Routing/New_NDLCOM_Routing/../../../fpgaSVN/FPGA/lib/Comm_Async_Serial_HS/trunk/encode_8b10b/encode_8b10b_top.vhd sub00/vhpl10 1429800246
EN encode_8b10b_lut NULL /home/sduvvuri/thesis.git/NDLCOM_Routing/New_NDLCOM_Routing/../../../fpgaSVN/FPGA/lib/Comm_Async_Serial_HS/trunk/encode_8b10b/encode_8b10b_lut.vhd sub00/vhpl04 1429800232
AR encode_8b10b_top xilinx /home/sduvvuri/thesis.git/NDLCOM_Routing/New_NDLCOM_Routing/../../../fpgaSVN/FPGA/lib/Comm_Async_Serial_HS/trunk/encode_8b10b/encode_8b10b_top.vhd sub00/vhpl11 1429800247
AR encode_8b10b_rtl xilinx /home/sduvvuri/thesis.git/NDLCOM_Routing/New_NDLCOM_Routing/../../../fpgaSVN/FPGA/lib/Comm_Async_Serial_HS/trunk/encode_8b10b/encode_8b10b_rtl.vhd sub00/vhpl09 1429800241
PB encode_8b10b_pkg encode_8b10b_pkg /home/sduvvuri/thesis.git/NDLCOM_Routing/New_NDLCOM_Routing/../../../fpgaSVN/FPGA/lib/Comm_Async_Serial_HS/trunk/encode_8b10b/encode_8b10b_pkg.vhd sub00/vhpl01 1429800223
PH encode_8b10b_pkg NULL /home/sduvvuri/thesis.git/NDLCOM_Routing/New_NDLCOM_Routing/../../../fpgaSVN/FPGA/lib/Comm_Async_Serial_HS/trunk/encode_8b10b/encode_8b10b_pkg.vhd sub00/vhpl00 1429800222
AR encode_8b10b_lut_base xilinx /home/sduvvuri/thesis.git/NDLCOM_Routing/New_NDLCOM_Routing/../../../fpgaSVN/FPGA/lib/Comm_Async_Serial_HS/trunk/encode_8b10b/encode_8b10b_lut_base.vhd sub00/vhpl03 1429800227
EN encode_8b10b_lut_base NULL /home/sduvvuri/thesis.git/NDLCOM_Routing/New_NDLCOM_Routing/../../../fpgaSVN/FPGA/lib/Comm_Async_Serial_HS/trunk/encode_8b10b/encode_8b10b_lut_base.vhd sub00/vhpl02 1429800226
