AR decode_8b10b_top xilinx /home/sduvvuri/fpgaSVN/FPGA/lib/Comm_Async_Serial_HS/trunk/decode_8b10b/decode_8b10b_top.vhd sub00/vhpl13 1426265087
AR decode_8b10b_rtl xilinx /home/sduvvuri/fpgaSVN/FPGA/lib/Comm_Async_Serial_HS/trunk/decode_8b10b/decode_8b10b_rtl.vhd sub00/vhpl11 1426265082
AR decode_8b10b_disp xilinx /home/sduvvuri/fpgaSVN/FPGA/lib/Comm_Async_Serial_HS/trunk/decode_8b10b/decode_8b10b_disp.vhd sub00/vhpl03 1426265068
EN decode_8b10b_rtl NULL /home/sduvvuri/fpgaSVN/FPGA/lib/Comm_Async_Serial_HS/trunk/decode_8b10b/decode_8b10b_rtl.vhd sub00/vhpl10 1426265081
AR decode_8b10b_lut_base xilinx /home/sduvvuri/fpgaSVN/FPGA/lib/Comm_Async_Serial_HS/trunk/decode_8b10b/decode_8b10b_lut_base.vhd sub00/vhpl05 1426265070
EN decode_8b10b_disp NULL /home/sduvvuri/fpgaSVN/FPGA/lib/Comm_Async_Serial_HS/trunk/decode_8b10b/decode_8b10b_disp.vhd sub00/vhpl02 1426265067
EN decode_8b10b_top NULL /home/sduvvuri/fpgaSVN/FPGA/lib/Comm_Async_Serial_HS/trunk/decode_8b10b/decode_8b10b_top.vhd sub00/vhpl12 1426265086
PB decode_8b10b_pkg decode_8b10b_pkg /home/sduvvuri/fpgaSVN/FPGA/lib/Comm_Async_Serial_HS/trunk/decode_8b10b/decode_8b10b_pkg.vhd sub00/vhpl01 1426265064
EN decode_8b10b_lut NULL /home/sduvvuri/fpgaSVN/FPGA/lib/Comm_Async_Serial_HS/trunk/decode_8b10b/decode_8b10b_lut.vhd sub00/vhpl06 1426265073
AR decode_8b10b_lut xilinx /home/sduvvuri/fpgaSVN/FPGA/lib/Comm_Async_Serial_HS/trunk/decode_8b10b/decode_8b10b_lut.vhd sub00/vhpl07 1426265074
EN decode_8b10b_lut_base NULL /home/sduvvuri/fpgaSVN/FPGA/lib/Comm_Async_Serial_HS/trunk/decode_8b10b/decode_8b10b_lut_base.vhd sub00/vhpl04 1426265069
AR decode_8b10b_bram xilinx /home/sduvvuri/fpgaSVN/FPGA/lib/Comm_Async_Serial_HS/trunk/decode_8b10b/decode_8b10b_bram.vhd sub00/vhpl09 1426265076
PH decode_8b10b_pkg NULL /home/sduvvuri/fpgaSVN/FPGA/lib/Comm_Async_Serial_HS/trunk/decode_8b10b/decode_8b10b_pkg.vhd sub00/vhpl00 1426265063
EN decode_8b10b_bram NULL /home/sduvvuri/fpgaSVN/FPGA/lib/Comm_Async_Serial_HS/trunk/decode_8b10b/decode_8b10b_bram.vhd sub00/vhpl08 1426265075
