V3 35
FL /home/sduvvuri/fpgaSVN/FPGA/lib/Comm_Async_Serial_HS/trunk/decode_8b10b/decode_8b10b_bram.vhd 2014/11/07.12:33:28 P.20131013
EN decode_8b10b/decode_8b10b_bram 1427385444 \
      FL /home/sduvvuri/fpgaSVN/FPGA/lib/Comm_Async_Serial_HS/trunk/decode_8b10b/decode_8b10b_bram.vhd \
      PB ieee/std_logic_1164 1381692176 PB ieee/std_logic_arith 1381692177 \
      PB ieee/STD_LOGIC_UNSIGNED 1381692179 PB std/TEXTIO 1381692176 \
      LB decode_8b10b PB decode_8b10b/decode_8b10b_pkg 1427385433
AR decode_8b10b/decode_8b10b_bram/xilinx 1427385445 \
      FL /home/sduvvuri/fpgaSVN/FPGA/lib/Comm_Async_Serial_HS/trunk/decode_8b10b/decode_8b10b_bram.vhd \
      EN decode_8b10b/decode_8b10b_bram 1427385444 \
      CP decode_8b10b/decode_8b10b_disp CP STD_LOGIC_VECTOR
FL /home/sduvvuri/fpgaSVN/FPGA/lib/Comm_Async_Serial_HS/trunk/decode_8b10b/decode_8b10b_disp.vhd 2014/11/07.12:33:28 P.20131013
EN decode_8b10b/decode_8b10b_disp 1427385436 \
      FL /home/sduvvuri/fpgaSVN/FPGA/lib/Comm_Async_Serial_HS/trunk/decode_8b10b/decode_8b10b_disp.vhd \
      PB ieee/std_logic_1164 1381692176 LB decode_8b10b \
      PB decode_8b10b/decode_8b10b_pkg 1427385433
AR decode_8b10b/decode_8b10b_disp/xilinx 1427385437 \
      FL /home/sduvvuri/fpgaSVN/FPGA/lib/Comm_Async_Serial_HS/trunk/decode_8b10b/decode_8b10b_disp.vhd \
      EN decode_8b10b/decode_8b10b_disp 1427385436
FL /home/sduvvuri/fpgaSVN/FPGA/lib/Comm_Async_Serial_HS/trunk/decode_8b10b/decode_8b10b_lut.vhd 2014/11/07.12:33:28 P.20131013
EN decode_8b10b/decode_8b10b_lut 1427385442 \
      FL /home/sduvvuri/fpgaSVN/FPGA/lib/Comm_Async_Serial_HS/trunk/decode_8b10b/decode_8b10b_lut.vhd \
      PB ieee/std_logic_1164 1381692176 LB decode_8b10b
AR decode_8b10b/decode_8b10b_lut/xilinx 1427385443 \
      FL /home/sduvvuri/fpgaSVN/FPGA/lib/Comm_Async_Serial_HS/trunk/decode_8b10b/decode_8b10b_lut.vhd \
      EN decode_8b10b/decode_8b10b_lut 1427385442 \
      CP decode_8b10b/decode_8b10b_lut_base
FL /home/sduvvuri/fpgaSVN/FPGA/lib/Comm_Async_Serial_HS/trunk/decode_8b10b/decode_8b10b_lut_base.vhd 2014/11/07.12:33:28 P.20131013
EN decode_8b10b/decode_8b10b_lut_base 1427385438 \
      FL /home/sduvvuri/fpgaSVN/FPGA/lib/Comm_Async_Serial_HS/trunk/decode_8b10b/decode_8b10b_lut_base.vhd \
      PB ieee/std_logic_1164 1381692176 PB ieee/std_logic_arith 1381692177 \
      LB decode_8b10b PB decode_8b10b/decode_8b10b_pkg 1427385433
AR decode_8b10b/decode_8b10b_lut_base/xilinx 1427385439 \
      FL /home/sduvvuri/fpgaSVN/FPGA/lib/Comm_Async_Serial_HS/trunk/decode_8b10b/decode_8b10b_lut_base.vhd \
      EN decode_8b10b/decode_8b10b_lut_base 1427385438
FL /home/sduvvuri/fpgaSVN/FPGA/lib/Comm_Async_Serial_HS/trunk/decode_8b10b/decode_8b10b_pkg.vhd 2014/11/07.12:33:28 P.20131013
PH decode_8b10b/decode_8b10b_pkg 1427385432 \
      FL /home/sduvvuri/fpgaSVN/FPGA/lib/Comm_Async_Serial_HS/trunk/decode_8b10b/decode_8b10b_pkg.vhd \
      PB ieee/std_logic_1164 1381692176
PB decode_8b10b/decode_8b10b_pkg 1427385433 \
      FL /home/sduvvuri/fpgaSVN/FPGA/lib/Comm_Async_Serial_HS/trunk/decode_8b10b/decode_8b10b_pkg.vhd \
      PH decode_8b10b/decode_8b10b_pkg 1427385432
FL /home/sduvvuri/fpgaSVN/FPGA/lib/Comm_Async_Serial_HS/trunk/decode_8b10b/decode_8b10b_rtl.vhd 2014/11/07.12:33:28 P.20131013
EN decode_8b10b/decode_8b10b_rtl 1427385450 \
      FL /home/sduvvuri/fpgaSVN/FPGA/lib/Comm_Async_Serial_HS/trunk/decode_8b10b/decode_8b10b_rtl.vhd \
      PB ieee/std_logic_1164 1381692176 PB ieee/std_logic_arith 1381692177 \
      LB decode_8b10b PB decode_8b10b/decode_8b10b_pkg 1427385433
AR decode_8b10b/decode_8b10b_rtl/xilinx 1427385451 \
      FL /home/sduvvuri/fpgaSVN/FPGA/lib/Comm_Async_Serial_HS/trunk/decode_8b10b/decode_8b10b_rtl.vhd \
      EN decode_8b10b/decode_8b10b_rtl 1427385450 \
      CP decode_8b10b/decode_8b10b_lut CP decode_8b10b/decode_8b10b_bram
FL /home/sduvvuri/fpgaSVN/FPGA/lib/Comm_Async_Serial_HS/trunk/decode_8b10b/decode_8b10b_top.vhd 2014/11/07.12:33:28 P.20131013
EN decode_8b10b/decode_8b10b_top 1427385454 \
      FL /home/sduvvuri/fpgaSVN/FPGA/lib/Comm_Async_Serial_HS/trunk/decode_8b10b/decode_8b10b_top.vhd \
      PB ieee/std_logic_1164 1381692176 LB decode_8b10b \
      PB decode_8b10b/decode_8b10b_pkg 1427385433
AR decode_8b10b/decode_8b10b_top/xilinx 1427385455 \
      FL /home/sduvvuri/fpgaSVN/FPGA/lib/Comm_Async_Serial_HS/trunk/decode_8b10b/decode_8b10b_top.vhd \
      EN decode_8b10b/decode_8b10b_top 1427385454 \
      CP decode_8b10b/decode_8b10b_rtl
FL /home/sduvvuri/thesis.git/NDLCOM_ECHO/../../fpgaSVN/FPGA/lib/Comm_Async_Serial_HS/trunk/decode_8b10b/decode_8b10b_bram.vhd 2014/11/07.12:33:28 P.20131013
FL /home/sduvvuri/thesis.git/NDLCOM_ECHO/../../fpgaSVN/FPGA/lib/Comm_Async_Serial_HS/trunk/decode_8b10b/decode_8b10b_disp.vhd 2014/11/07.12:33:28 P.20131013
FL /home/sduvvuri/thesis.git/NDLCOM_ECHO/../../fpgaSVN/FPGA/lib/Comm_Async_Serial_HS/trunk/decode_8b10b/decode_8b10b_lut.vhd 2014/11/07.12:33:28 P.20131013
FL /home/sduvvuri/thesis.git/NDLCOM_ECHO/../../fpgaSVN/FPGA/lib/Comm_Async_Serial_HS/trunk/decode_8b10b/decode_8b10b_lut_base.vhd 2014/11/07.12:33:28 P.20131013
FL /home/sduvvuri/thesis.git/NDLCOM_ECHO/../../fpgaSVN/FPGA/lib/Comm_Async_Serial_HS/trunk/decode_8b10b/decode_8b10b_pkg.vhd 2014/11/07.12:33:28 P.20131013
FL /home/sduvvuri/thesis.git/NDLCOM_ECHO/../../fpgaSVN/FPGA/lib/Comm_Async_Serial_HS/trunk/decode_8b10b/decode_8b10b_rtl.vhd 2014/11/07.12:33:28 P.20131013
FL /home/sduvvuri/thesis.git/NDLCOM_ECHO/../../fpgaSVN/FPGA/lib/Comm_Async_Serial_HS/trunk/decode_8b10b/decode_8b10b_top.vhd 2014/11/07.12:33:28 P.20131013
