AR decode_8b10b_top xilinx /home/sduvvuri/thesis.git/NDLCOM_Routing/New_NDLCOM_Routing/../../../fpgaSVN/FPGA/lib/Comm_Async_Serial_HS/trunk/decode_8b10b/decode_8b10b_top.vhd sub00/vhpl13 1429800253
AR decode_8b10b_rtl xilinx /home/sduvvuri/thesis.git/NDLCOM_Routing/New_NDLCOM_Routing/../../../fpgaSVN/FPGA/lib/Comm_Async_Serial_HS/trunk/decode_8b10b/decode_8b10b_rtl.vhd sub00/vhpl11 1429800243
AR decode_8b10b_disp xilinx /home/sduvvuri/thesis.git/NDLCOM_Routing/New_NDLCOM_Routing/../../../fpgaSVN/FPGA/lib/Comm_Async_Serial_HS/trunk/decode_8b10b/decode_8b10b_disp.vhd sub00/vhpl03 1429800229
EN decode_8b10b_rtl NULL /home/sduvvuri/thesis.git/NDLCOM_Routing/New_NDLCOM_Routing/../../../fpgaSVN/FPGA/lib/Comm_Async_Serial_HS/trunk/decode_8b10b/decode_8b10b_rtl.vhd sub00/vhpl10 1429800242
AR decode_8b10b_lut_base xilinx /home/sduvvuri/thesis.git/NDLCOM_Routing/New_NDLCOM_Routing/../../../fpgaSVN/FPGA/lib/Comm_Async_Serial_HS/trunk/decode_8b10b/decode_8b10b_lut_base.vhd sub00/vhpl05 1429800231
EN decode_8b10b_disp NULL /home/sduvvuri/thesis.git/NDLCOM_Routing/New_NDLCOM_Routing/../../../fpgaSVN/FPGA/lib/Comm_Async_Serial_HS/trunk/decode_8b10b/decode_8b10b_disp.vhd sub00/vhpl02 1429800228
EN decode_8b10b_top NULL /home/sduvvuri/thesis.git/NDLCOM_Routing/New_NDLCOM_Routing/../../../fpgaSVN/FPGA/lib/Comm_Async_Serial_HS/trunk/decode_8b10b/decode_8b10b_top.vhd sub00/vhpl12 1429800252
PB decode_8b10b_pkg decode_8b10b_pkg /home/sduvvuri/thesis.git/NDLCOM_Routing/New_NDLCOM_Routing/../../../fpgaSVN/FPGA/lib/Comm_Async_Serial_HS/trunk/decode_8b10b/decode_8b10b_pkg.vhd sub00/vhpl01 1429800225
EN decode_8b10b_lut NULL /home/sduvvuri/thesis.git/NDLCOM_Routing/New_NDLCOM_Routing/../../../fpgaSVN/FPGA/lib/Comm_Async_Serial_HS/trunk/decode_8b10b/decode_8b10b_lut.vhd sub00/vhpl06 1429800236
AR decode_8b10b_lut xilinx /home/sduvvuri/thesis.git/NDLCOM_Routing/New_NDLCOM_Routing/../../../fpgaSVN/FPGA/lib/Comm_Async_Serial_HS/trunk/decode_8b10b/decode_8b10b_lut.vhd sub00/vhpl07 1429800237
EN decode_8b10b_lut_base NULL /home/sduvvuri/thesis.git/NDLCOM_Routing/New_NDLCOM_Routing/../../../fpgaSVN/FPGA/lib/Comm_Async_Serial_HS/trunk/decode_8b10b/decode_8b10b_lut_base.vhd sub00/vhpl04 1429800230
AR decode_8b10b_bram xilinx /home/sduvvuri/thesis.git/NDLCOM_Routing/New_NDLCOM_Routing/../../../fpgaSVN/FPGA/lib/Comm_Async_Serial_HS/trunk/decode_8b10b/decode_8b10b_bram.vhd sub00/vhpl09 1429800239
PH decode_8b10b_pkg NULL /home/sduvvuri/thesis.git/NDLCOM_Routing/New_NDLCOM_Routing/../../../fpgaSVN/FPGA/lib/Comm_Async_Serial_HS/trunk/decode_8b10b/decode_8b10b_pkg.vhd sub00/vhpl00 1429800224
EN decode_8b10b_bram NULL /home/sduvvuri/thesis.git/NDLCOM_Routing/New_NDLCOM_Routing/../../../fpgaSVN/FPGA/lib/Comm_Async_Serial_HS/trunk/decode_8b10b/decode_8b10b_bram.vhd sub00/vhpl08 1429800238
