V3 28
EN decode/decode_8b10b_bram 0 \
      FL /home/sduvvuri/fpgaSVN/FPGA/lib/Comm_Async_Serial_HS/trunk/decode_8b10b/decode_8b10b_bram.vhd \
      PB ieee/std_logic_1164 1381692176 PB ieee/std_logic_arith 1381692177 \
      PB ieee/STD_LOGIC_UNSIGNED 1381692179 PB std/TEXTIO 1381692176 \
      LB decode_8b10b PH decode_8b10b/decode_8b10b_pkg 0
AR decode/decode_8b10b_bram/xilinx 0 \
      FL /home/sduvvuri/fpgaSVN/FPGA/lib/Comm_Async_Serial_HS/trunk/decode_8b10b/decode_8b10b_bram.vhd \
      EN decode/decode_8b10b_bram 0 CP decode_8b10b/decode_8b10b_disp \
      CP STD_LOGIC_VECTOR
EN decode/decode_8b10b_disp 0 \
      FL /home/sduvvuri/fpgaSVN/FPGA/lib/Comm_Async_Serial_HS/trunk/decode_8b10b/decode_8b10b_disp.vhd \
      PB ieee/std_logic_1164 1381692176 LB decode_8b10b \
      PH decode_8b10b/decode_8b10b_pkg 0
AR decode/decode_8b10b_disp/xilinx 0 \
      FL /home/sduvvuri/fpgaSVN/FPGA/lib/Comm_Async_Serial_HS/trunk/decode_8b10b/decode_8b10b_disp.vhd \
      EN decode/decode_8b10b_disp 0
EN decode/decode_8b10b_lut 0 \
      FL /home/sduvvuri/fpgaSVN/FPGA/lib/Comm_Async_Serial_HS/trunk/decode_8b10b/decode_8b10b_lut.vhd \
      PB ieee/std_logic_1164 1381692176 LB decode_8b10b
AR decode/decode_8b10b_lut/xilinx 0 \
      FL /home/sduvvuri/fpgaSVN/FPGA/lib/Comm_Async_Serial_HS/trunk/decode_8b10b/decode_8b10b_lut.vhd \
      EN decode/decode_8b10b_lut 0 CP decode_8b10b/decode_8b10b_lut_base
EN decode/decode_8b10b_lut_base 0 \
      FL /home/sduvvuri/fpgaSVN/FPGA/lib/Comm_Async_Serial_HS/trunk/decode_8b10b/decode_8b10b_lut_base.vhd \
      PB ieee/std_logic_1164 1381692176 PB ieee/std_logic_arith 1381692177 \
      LB decode_8b10b PH decode_8b10b/decode_8b10b_pkg 0
AR decode/decode_8b10b_lut_base/xilinx 0 \
      FL /home/sduvvuri/fpgaSVN/FPGA/lib/Comm_Async_Serial_HS/trunk/decode_8b10b/decode_8b10b_lut_base.vhd \
      EN decode/decode_8b10b_lut_base 0
PH decode/decode_8b10b_pkg 0 \
      FL /home/sduvvuri/fpgaSVN/FPGA/lib/Comm_Async_Serial_HS/trunk/decode_8b10b/decode_8b10b_pkg.vhd \
      PB ieee/std_logic_1164 1381692176
PB decode/decode_8b10b_pkg 0 \
      FL /home/sduvvuri/fpgaSVN/FPGA/lib/Comm_Async_Serial_HS/trunk/decode_8b10b/decode_8b10b_pkg.vhd \
      PH decode/decode_8b10b_pkg 0
EN decode/decode_8b10b_rtl 0 \
      FL /home/sduvvuri/fpgaSVN/FPGA/lib/Comm_Async_Serial_HS/trunk/decode_8b10b/decode_8b10b_rtl.vhd \
      PB ieee/std_logic_1164 1381692176 PB ieee/std_logic_arith 1381692177 \
      LB decode_8b10b PH decode_8b10b/decode_8b10b_pkg 0
AR decode/decode_8b10b_rtl/xilinx 0 \
      FL /home/sduvvuri/fpgaSVN/FPGA/lib/Comm_Async_Serial_HS/trunk/decode_8b10b/decode_8b10b_rtl.vhd \
      EN decode/decode_8b10b_rtl 0 CP decode_8b10b/decode_8b10b_lut \
      CP decode_8b10b/decode_8b10b_bram
EN decode/decode_8b10b_top 0 \
      FL /home/sduvvuri/fpgaSVN/FPGA/lib/Comm_Async_Serial_HS/trunk/decode_8b10b/decode_8b10b_top.vhd \
      PB ieee/std_logic_1164 1381692176 LB decode_8b10b \
      PH decode_8b10b/decode_8b10b_pkg 0
AR decode/decode_8b10b_top/xilinx 0 \
      FL /home/sduvvuri/fpgaSVN/FPGA/lib/Comm_Async_Serial_HS/trunk/decode_8b10b/decode_8b10b_top.vhd \
      EN decode/decode_8b10b_top 0 CP decode_8b10b/decode_8b10b_rtl
